2026-06-11 00:03:11,280 INFO paper_scalper: paper trading BTC/USD | candle=60s fee=25bps slip=3bps equity=10000.00
2026-06-11 00:03:11,542 INFO paper_scalper.data.coinbase_feed: subscribed to ['BTC-USD'] on ws-feed.exchange.coinbase.com
2026-06-11 00:03:11,587 INFO paper_scalper.data.coinbase_feed: coinbase: subscription confirmed
2026-06-11 00:04:30,499 INFO paper_scalper: paper trading BTC/USD | candle=60s fee=25bps slip=3bps equity=10000.00
2026-06-11 00:04:30,710 INFO paper_scalper.data.alpaca_crypto_feed: subscribed to ['BTC/USD'] on stream.data.alpaca.markets
2026-06-11 00:04:30,711 INFO paper_scalper.data.alpaca_crypto_feed: alpaca: {'T': 'success', 'msg': 'connected'}
2026-06-11 00:04:30,747 INFO paper_scalper.data.alpaca_crypto_feed: alpaca: {'T': 'success', 'msg': 'authenticated'}
2026-06-11 00:04:30,748 INFO paper_scalper.data.alpaca_crypto_feed: alpaca: {'T': 'subscription', 'trades': ['BTC/USD'], 'quotes': ['BTC/USD'], 'orderbooks': [], 'bars': [], 'updatedBars': [], 'dailyBars': []}
2026-06-11 00:15:25,692 INFO paper_scalper: paper trading BTC/USD | lanes=['pullback', 'momo', 'meanrev'] candle=60s fee=25bps slip=3bps equity=10000.00/lane
2026-06-11 00:15:25,860 INFO paper_scalper.data.alpaca_crypto_feed: subscribed to ['BTC/USD'] on stream.data.alpaca.markets
2026-06-11 00:15:25,860 INFO paper_scalper.data.alpaca_crypto_feed: alpaca: {'T': 'success', 'msg': 'connected'}
2026-06-11 00:15:25,902 INFO paper_scalper.data.alpaca_crypto_feed: alpaca: {'T': 'success', 'msg': 'authenticated'}
2026-06-11 00:15:25,902 INFO paper_scalper.data.alpaca_crypto_feed: alpaca: {'T': 'subscription', 'trades': ['BTC/USD'], 'quotes': ['BTC/USD'], 'orderbooks': [], 'bars': [], 'updatedBars': [], 'dailyBars': []}
2026-06-11 06:19:53,492 INFO paper_scalper: paper trading BTC/USD | lanes=['pullback', 'momo', 'meanrev'] candle=60s fee=25bps slip=3bps equity=10000.00/lane
2026-06-11 06:19:53,678 INFO paper_scalper.data.alpaca_crypto_feed: subscribed to ['BTC/USD'] on stream.data.alpaca.markets
2026-06-11 06:19:53,678 INFO paper_scalper.data.alpaca_crypto_feed: alpaca: {'T': 'success', 'msg': 'connected'}
2026-06-11 06:19:53,720 INFO paper_scalper.data.alpaca_crypto_feed: alpaca: {'T': 'success', 'msg': 'authenticated'}
2026-06-11 06:19:53,721 INFO paper_scalper.data.alpaca_crypto_feed: alpaca: {'T': 'subscription', 'trades': ['BTC/USD'], 'quotes': ['BTC/USD'], 'orderbooks': [], 'bars': [], 'updatedBars': [], 'dailyBars': []}
2026-06-11 06:55:00,636 INFO paper_scalper: [pullback] OPEN long qty=0.079212 @ 63167.37 sl=63009.46 tp=63451.63 | long: px 63121.96 vs vwap 63087.16, ema sep 1.5bps, rsi 55.9, vol 0.002 vs avg 0.001, atr 0.125%
2026-06-11 06:56:01,464 INFO paper_scalper: [pullback] CLOSE long @ 62989.10 (stop_loss) net=-39.10 fees=24.98 equity=9960.90
2026-06-11 07:01:00,801 INFO paper_scalper: [pullback] OPEN short qty=0.079088 @ 62913.18 sl=63070.46 tp=62630.07 | short: px 62973.71 vs vwap 63083.21, ema sep -2.8bps, rsi 36.4, vol 0.001 vs avg 0.001, atr 0.119%
2026-06-11 07:01:30,223 INFO paper_scalper: [pullback] CLOSE short @ 63093.42 (stop_loss) net=-39.17 fees=24.91 equity=9921.73
2026-06-11 07:15:25,059 WARNING paper_scalper.data.alpaca_crypto_feed: feed disconnected (sent 1011 (internal error) keepalive ping timeout; no close frame received); reconnecting in 1s
2026-06-11 07:15:26,472 INFO paper_scalper.data.alpaca_crypto_feed: subscribed to ['BTC/USD'] on stream.data.alpaca.markets
2026-06-11 07:15:26,473 INFO paper_scalper.data.alpaca_crypto_feed: alpaca: {'T': 'success', 'msg': 'connected'}
2026-06-11 07:15:26,611 INFO paper_scalper.data.alpaca_crypto_feed: alpaca: {'T': 'success', 'msg': 'authenticated'}
2026-06-11 07:15:26,611 INFO paper_scalper.data.alpaca_crypto_feed: alpaca: {'T': 'subscription', 'trades': ['BTC/USD'], 'quotes': ['BTC/USD'], 'orderbooks': [], 'bars': [], 'updatedBars': [], 'dailyBars': []}
2026-06-11 07:17:49,055 WARNING paper_scalper.data.alpaca_crypto_feed: feed disconnected (sent 1011 (internal error) keepalive ping timeout; no close frame received); reconnecting in 1s
2026-06-11 07:17:50,194 INFO paper_scalper.data.alpaca_crypto_feed: subscribed to ['BTC/USD'] on stream.data.alpaca.markets
2026-06-11 07:17:50,196 INFO paper_scalper.data.alpaca_crypto_feed: alpaca: {'T': 'success', 'msg': 'connected'}
2026-06-11 07:17:50,232 INFO paper_scalper.data.alpaca_crypto_feed: alpaca: {'T': 'success', 'msg': 'authenticated'}
2026-06-11 07:17:50,232 INFO paper_scalper.data.alpaca_crypto_feed: alpaca: {'T': 'subscription', 'trades': ['BTC/USD'], 'quotes': ['BTC/USD'], 'orderbooks': [], 'bars': [], 'updatedBars': [], 'dailyBars': []}
2026-06-11 07:21:06,196 WARNING paper_scalper.data.alpaca_crypto_feed: feed disconnected (sent 1011 (internal error) keepalive ping timeout; no close frame received); reconnecting in 1s
2026-06-11 07:21:07,749 INFO paper_scalper.data.alpaca_crypto_feed: subscribed to ['BTC/USD'] on stream.data.alpaca.markets
2026-06-11 07:21:07,750 INFO paper_scalper.data.alpaca_crypto_feed: alpaca: {'T': 'success', 'msg': 'connected'}
2026-06-11 07:21:07,788 INFO paper_scalper.data.alpaca_crypto_feed: alpaca: {'T': 'success', 'msg': 'authenticated'}
2026-06-11 07:21:07,788 INFO paper_scalper.data.alpaca_crypto_feed: alpaca: {'T': 'subscription', 'trades': ['BTC/USD'], 'quotes': ['BTC/USD'], 'orderbooks': [], 'bars': [], 'updatedBars': [], 'dailyBars': []}
2026-06-11 07:25:04,267 WARNING paper_scalper.data.alpaca_crypto_feed: feed disconnected (sent 1011 (internal error) keepalive ping timeout; no close frame received); reconnecting in 1s
2026-06-11 07:25:05,471 INFO paper_scalper.data.alpaca_crypto_feed: subscribed to ['BTC/USD'] on stream.data.alpaca.markets
2026-06-11 07:25:05,472 INFO paper_scalper.data.alpaca_crypto_feed: alpaca: {'T': 'success', 'msg': 'connected'}
2026-06-11 07:25:05,508 INFO paper_scalper.data.alpaca_crypto_feed: alpaca: {'T': 'success', 'msg': 'authenticated'}
2026-06-11 07:25:05,508 INFO paper_scalper.data.alpaca_crypto_feed: alpaca: {'T': 'subscription', 'trades': ['BTC/USD'], 'quotes': ['BTC/USD'], 'orderbooks': [], 'bars': [], 'updatedBars': [], 'dailyBars': []}
2026-06-11 07:27:00,360 WARNING paper_scalper.data.alpaca_crypto_feed: feed disconnected (sent 1011 (internal error) keepalive ping timeout; no close frame received); reconnecting in 1s
2026-06-11 07:27:01,367 WARNING paper_scalper.data.alpaca_crypto_feed: feed disconnected ([Errno 8] nodename nor servname provided, or not known); reconnecting in 2s
2026-06-11 07:27:04,249 WARNING paper_scalper.data.alpaca_crypto_feed: feed disconnected ([Errno 8] nodename nor servname provided, or not known); reconnecting in 4s
2026-06-11 07:27:08,255 WARNING paper_scalper.data.alpaca_crypto_feed: feed disconnected ([Errno 8] nodename nor servname provided, or not known); reconnecting in 8s
2026-06-11 07:27:16,261 WARNING paper_scalper.data.alpaca_crypto_feed: feed disconnected ([Errno 8] nodename nor servname provided, or not known); reconnecting in 16s
2026-06-11 07:27:32,267 WARNING paper_scalper.data.alpaca_crypto_feed: feed disconnected ([Errno 8] nodename nor servname provided, or not known); reconnecting in 32s
2026-06-11 07:29:17,242 WARNING paper_scalper.data.alpaca_crypto_feed: feed disconnected ([Errno 8] nodename nor servname provided, or not known); reconnecting in 60s
2026-06-11 07:31:30,678 WARNING paper_scalper.data.alpaca_crypto_feed: feed disconnected ([Errno 8] nodename nor servname provided, or not known); reconnecting in 60s
2026-06-11 07:33:43,465 WARNING paper_scalper.data.alpaca_crypto_feed: feed disconnected ([Errno 8] nodename nor servname provided, or not known); reconnecting in 60s
2026-06-11 07:37:09,672 WARNING paper_scalper.data.alpaca_crypto_feed: feed disconnected ([Errno 8] nodename nor servname provided, or not known); reconnecting in 60s
2026-06-11 07:39:23,071 WARNING paper_scalper.data.alpaca_crypto_feed: feed disconnected ([Errno 8] nodename nor servname provided, or not known); reconnecting in 60s
2026-06-11 07:41:35,874 WARNING paper_scalper.data.alpaca_crypto_feed: feed disconnected ([Errno 8] nodename nor servname provided, or not known); reconnecting in 60s
2026-06-11 07:43:49,342 WARNING paper_scalper.data.alpaca_crypto_feed: feed disconnected ([Errno 8] nodename nor servname provided, or not known); reconnecting in 60s
2026-06-11 07:47:15,582 WARNING paper_scalper.data.alpaca_crypto_feed: feed disconnected ([Errno 8] nodename nor servname provided, or not known); reconnecting in 60s
2026-06-11 07:49:28,333 WARNING paper_scalper.data.alpaca_crypto_feed: feed disconnected ([Errno 8] nodename nor servname provided, or not known); reconnecting in 60s
2026-06-11 07:51:41,745 WARNING paper_scalper.data.alpaca_crypto_feed: feed disconnected ([Errno 8] nodename nor servname provided, or not known); reconnecting in 60s
2026-06-11 08:07:14,575 WARNING paper_scalper.data.alpaca_crypto_feed: feed disconnected ([Errno 8] nodename nor servname provided, or not known); reconnecting in 60s
2026-06-11 08:09:28,997 WARNING paper_scalper.data.alpaca_crypto_feed: feed disconnected ([Errno 8] nodename nor servname provided, or not known); reconnecting in 60s
2026-06-11 08:11:41,798 WARNING paper_scalper.data.alpaca_crypto_feed: feed disconnected ([Errno 8] nodename nor servname provided, or not known); reconnecting in 60s
2026-06-11 08:13:55,271 WARNING paper_scalper.data.alpaca_crypto_feed: feed disconnected ([Errno 8] nodename nor servname provided, or not known); reconnecting in 60s
2026-06-11 08:17:21,567 WARNING paper_scalper.data.alpaca_crypto_feed: feed disconnected ([Errno 8] nodename nor servname provided, or not known); reconnecting in 60s
2026-06-11 08:19:34,354 WARNING paper_scalper.data.alpaca_crypto_feed: feed disconnected ([Errno 8] nodename nor servname provided, or not known); reconnecting in 60s
2026-06-11 08:21:47,850 WARNING paper_scalper.data.alpaca_crypto_feed: feed disconnected ([Errno 8] nodename nor servname provided, or not known); reconnecting in 60s
2026-06-11 08:25:14,158 WARNING paper_scalper.data.alpaca_crypto_feed: feed disconnected ([Errno 8] nodename nor servname provided, or not known); reconnecting in 60s
2026-06-11 08:27:02,038 WARNING paper_scalper.data.alpaca_crypto_feed: feed disconnected ([Errno 8] nodename nor servname provided, or not known); reconnecting in 60s
2026-06-11 08:29:40,167 WARNING paper_scalper.data.alpaca_crypto_feed: feed disconnected ([Errno 8] nodename nor servname provided, or not known); reconnecting in 60s
2026-06-11 08:31:52,962 WARNING paper_scalper.data.alpaca_crypto_feed: feed disconnected ([Errno 8] nodename nor servname provided, or not known); reconnecting in 60s
2026-06-11 08:35:19,239 WARNING paper_scalper.data.alpaca_crypto_feed: feed disconnected ([Errno 8] nodename nor servname provided, or not known); reconnecting in 60s
2026-06-11 08:37:32,681 WARNING paper_scalper.data.alpaca_crypto_feed: feed disconnected ([Errno 8] nodename nor servname provided, or not known); reconnecting in 60s
2026-06-11 08:39:52,776 WARNING paper_scalper.data.alpaca_crypto_feed: feed disconnected ([Errno 8] nodename nor servname provided, or not known); reconnecting in 60s
2026-06-11 08:43:18,562 INFO paper_scalper.data.alpaca_crypto_feed: subscribed to ['BTC/USD'] on stream.data.alpaca.markets
2026-06-11 08:43:18,563 INFO paper_scalper.data.alpaca_crypto_feed: alpaca: {'T': 'success', 'msg': 'connected'}
2026-06-11 08:43:18,608 INFO paper_scalper.data.alpaca_crypto_feed: alpaca: {'T': 'success', 'msg': 'authenticated'}
2026-06-11 08:43:18,608 INFO paper_scalper.data.alpaca_crypto_feed: alpaca: {'T': 'subscription', 'trades': ['BTC/USD'], 'quotes': ['BTC/USD'], 'orderbooks': [], 'bars': [], 'updatedBars': [], 'dailyBars': []}
2026-06-11 08:43:18,771 INFO paper_scalper: [meanrev] OPEN long qty=0.079784 @ 62801.00 sl=62643.99 tp=62989.40 | long fade: rsi 28.3, px 62668.89 vs vwap 63003.66 (-3.29 atr), atr 0.162%
2026-06-11 08:45:41,960 WARNING paper_scalper.data.alpaca_crypto_feed: feed disconnected (sent 1011 (internal error) keepalive ping timeout; no close frame received); reconnecting in 1s
2026-06-11 08:45:43,100 INFO paper_scalper.data.alpaca_crypto_feed: subscribed to ['BTC/USD'] on stream.data.alpaca.markets
2026-06-11 08:45:43,100 INFO paper_scalper.data.alpaca_crypto_feed: alpaca: {'T': 'success', 'msg': 'connected'}
2026-06-11 08:45:43,139 INFO paper_scalper.data.alpaca_crypto_feed: alpaca: {'T': 'success', 'msg': 'authenticated'}
2026-06-11 08:45:43,140 INFO paper_scalper.data.alpaca_crypto_feed: alpaca: {'T': 'subscription', 'trades': ['BTC/USD'], 'quotes': ['BTC/USD'], 'orderbooks': [], 'bars': [], 'updatedBars': [], 'dailyBars': []}
2026-06-11 08:45:43,305 INFO paper_scalper: [meanrev] CLOSE long @ 62986.91 (take_profit) net=-10.26 fees=25.09 equity=9989.74
2026-06-11 08:47:45,883 WARNING paper_scalper.data.alpaca_crypto_feed: feed disconnected (sent 1011 (internal error) keepalive ping timeout; no close frame received); reconnecting in 1s
2026-06-11 08:47:47,063 INFO paper_scalper.data.alpaca_crypto_feed: subscribed to ['BTC/USD'] on stream.data.alpaca.markets
2026-06-11 08:47:47,063 INFO paper_scalper.data.alpaca_crypto_feed: alpaca: {'T': 'success', 'msg': 'connected'}
2026-06-11 08:47:47,108 INFO paper_scalper.data.alpaca_crypto_feed: alpaca: {'T': 'success', 'msg': 'authenticated'}
2026-06-11 08:47:47,108 INFO paper_scalper.data.alpaca_crypto_feed: alpaca: {'T': 'subscription', 'trades': ['BTC/USD'], 'quotes': ['BTC/USD'], 'orderbooks': [], 'bars': [], 'updatedBars': [], 'dailyBars': []}
2026-06-11 08:49:50,424 WARNING paper_scalper.data.alpaca_crypto_feed: feed disconnected (sent 1011 (internal error) keepalive ping timeout; no close frame received); reconnecting in 1s
2026-06-11 08:49:51,575 INFO paper_scalper.data.alpaca_crypto_feed: subscribed to ['BTC/USD'] on stream.data.alpaca.markets
2026-06-11 08:49:51,575 INFO paper_scalper.data.alpaca_crypto_feed: alpaca: {'T': 'success', 'msg': 'connected'}
2026-06-11 08:49:51,613 INFO paper_scalper.data.alpaca_crypto_feed: alpaca: {'T': 'success', 'msg': 'authenticated'}
2026-06-11 08:49:51,614 INFO paper_scalper.data.alpaca_crypto_feed: alpaca: {'T': 'subscription', 'trades': ['BTC/USD'], 'quotes': ['BTC/USD'], 'orderbooks': [], 'bars': [], 'updatedBars': [], 'dailyBars': []}
2026-06-11 08:51:54,277 WARNING paper_scalper.data.alpaca_crypto_feed: feed disconnected (sent 1011 (internal error) keepalive ping timeout; no close frame received); reconnecting in 1s
2026-06-11 08:51:55,425 INFO paper_scalper.data.alpaca_crypto_feed: subscribed to ['BTC/USD'] on stream.data.alpaca.markets
2026-06-11 08:51:55,426 INFO paper_scalper.data.alpaca_crypto_feed: alpaca: {'T': 'success', 'msg': 'connected'}
2026-06-11 08:51:55,467 INFO paper_scalper.data.alpaca_crypto_feed: alpaca: {'T': 'success', 'msg': 'authenticated'}
2026-06-11 08:51:55,467 INFO paper_scalper.data.alpaca_crypto_feed: alpaca: {'T': 'subscription', 'trades': ['BTC/USD'], 'quotes': ['BTC/USD'], 'orderbooks': [], 'bars': [], 'updatedBars': [], 'dailyBars': []}
2026-06-11 08:53:58,745 WARNING paper_scalper.data.alpaca_crypto_feed: feed disconnected (sent 1011 (internal error) keepalive ping timeout; no close frame received); reconnecting in 1s
2026-06-11 08:55:12,674 INFO paper_scalper.data.alpaca_crypto_feed: subscribed to ['BTC/USD'] on stream.data.alpaca.markets
2026-06-11 08:55:12,674 INFO paper_scalper.data.alpaca_crypto_feed: alpaca: {'T': 'success', 'msg': 'connected'}
2026-06-11 08:55:12,718 INFO paper_scalper.data.alpaca_crypto_feed: alpaca: {'T': 'success', 'msg': 'authenticated'}
2026-06-11 08:55:12,718 INFO paper_scalper.data.alpaca_crypto_feed: alpaca: {'T': 'subscription', 'trades': ['BTC/USD'], 'quotes': ['BTC/USD'], 'orderbooks': [], 'bars': [], 'updatedBars': [], 'dailyBars': []}
2026-06-11 08:57:56,061 WARNING paper_scalper.data.alpaca_crypto_feed: feed disconnected (sent 1011 (internal error) keepalive ping timeout; no close frame received); reconnecting in 1s
2026-06-11 08:57:57,209 INFO paper_scalper.data.alpaca_crypto_feed: subscribed to ['BTC/USD'] on stream.data.alpaca.markets
2026-06-11 08:57:57,209 INFO paper_scalper.data.alpaca_crypto_feed: alpaca: {'T': 'success', 'msg': 'connected'}
2026-06-11 08:57:57,250 INFO paper_scalper.data.alpaca_crypto_feed: alpaca: {'T': 'success', 'msg': 'authenticated'}
2026-06-11 08:57:57,251 INFO paper_scalper.data.alpaca_crypto_feed: alpaca: {'T': 'subscription', 'trades': ['BTC/USD'], 'quotes': ['BTC/USD'], 'orderbooks': [], 'bars': [], 'updatedBars': [], 'dailyBars': []}
2026-06-11 09:00:51,384 WARNING paper_scalper.data.alpaca_crypto_feed: feed disconnected (sent 1011 (internal error) keepalive ping timeout; no close frame received); reconnecting in 1s
2026-06-11 09:00:52,547 INFO paper_scalper.data.alpaca_crypto_feed: subscribed to ['BTC/USD'] on stream.data.alpaca.markets
2026-06-11 09:00:52,547 INFO paper_scalper.data.alpaca_crypto_feed: alpaca: {'T': 'success', 'msg': 'connected'}
2026-06-11 09:00:52,586 INFO paper_scalper.data.alpaca_crypto_feed: alpaca: {'T': 'success', 'msg': 'authenticated'}
2026-06-11 09:00:52,586 INFO paper_scalper.data.alpaca_crypto_feed: alpaca: {'T': 'subscription', 'trades': ['BTC/USD'], 'quotes': ['BTC/USD'], 'orderbooks': [], 'bars': [], 'updatedBars': [], 'dailyBars': []}
2026-06-11 09:03:36,638 WARNING paper_scalper.data.alpaca_crypto_feed: feed disconnected (sent 1011 (internal error) keepalive ping timeout; no close frame received); reconnecting in 1s
2026-06-11 09:03:37,782 INFO paper_scalper.data.alpaca_crypto_feed: subscribed to ['BTC/USD'] on stream.data.alpaca.markets
2026-06-11 09:03:37,782 INFO paper_scalper.data.alpaca_crypto_feed: alpaca: {'T': 'success', 'msg': 'connected'}
2026-06-11 09:03:37,821 INFO paper_scalper.data.alpaca_crypto_feed: alpaca: {'T': 'success', 'msg': 'authenticated'}
2026-06-11 09:03:37,821 INFO paper_scalper.data.alpaca_crypto_feed: alpaca: {'T': 'subscription', 'trades': ['BTC/USD'], 'quotes': ['BTC/USD'], 'orderbooks': [], 'bars': [], 'updatedBars': [], 'dailyBars': []}
2026-06-11 09:06:53,881 WARNING paper_scalper.data.alpaca_crypto_feed: feed disconnected (sent 1011 (internal error) keepalive ping timeout; no close frame received); reconnecting in 1s
2026-06-11 09:06:55,041 INFO paper_scalper.data.alpaca_crypto_feed: subscribed to ['BTC/USD'] on stream.data.alpaca.markets
2026-06-11 09:06:55,041 INFO paper_scalper.data.alpaca_crypto_feed: alpaca: {'T': 'success', 'msg': 'connected'}
2026-06-11 09:06:55,085 INFO paper_scalper.data.alpaca_crypto_feed: alpaca: {'T': 'success', 'msg': 'authenticated'}
2026-06-11 09:06:55,085 INFO paper_scalper.data.alpaca_crypto_feed: alpaca: {'T': 'subscription', 'trades': ['BTC/USD'], 'quotes': ['BTC/USD'], 'orderbooks': [], 'bars': [], 'updatedBars': [], 'dailyBars': []}
2026-06-11 09:09:38,051 WARNING paper_scalper.data.alpaca_crypto_feed: feed disconnected (sent 1011 (internal error) keepalive ping timeout; no close frame received); reconnecting in 1s
2026-06-11 09:10:52,218 INFO paper_scalper.data.alpaca_crypto_feed: subscribed to ['BTC/USD'] on stream.data.alpaca.markets
2026-06-11 09:10:52,218 INFO paper_scalper.data.alpaca_crypto_feed: alpaca: {'T': 'success', 'msg': 'connected'}
2026-06-11 09:10:52,263 INFO paper_scalper.data.alpaca_crypto_feed: alpaca: {'T': 'success', 'msg': 'authenticated'}
2026-06-11 09:10:52,263 INFO paper_scalper.data.alpaca_crypto_feed: alpaca: {'T': 'subscription', 'trades': ['BTC/USD'], 'quotes': ['BTC/USD'], 'orderbooks': [], 'bars': [], 'updatedBars': [], 'dailyBars': []}
2026-06-11 09:13:03,139 INFO paper_scalper: [pullback] OPEN short qty=0.079059 @ 62659.50 sl=62816.15 tp=62377.53 | short: px 62748.58 vs vwap 63002.52, ema sep -9.9bps, rsi 40.0, vol 0.000 vs avg 0.000, atr 0.174%
2026-06-11 09:13:34,605 INFO paper_scalper: [pullback] CLOSE short @ 62845.15 (stop_loss) net=-39.48 fees=24.81 equity=9882.24
2026-06-11 09:15:21,410 WARNING paper_scalper.data.alpaca_crypto_feed: feed disconnected (sent 1011 (internal error) keepalive ping timeout; no close frame received); reconnecting in 1s
2026-06-11 09:15:22,568 INFO paper_scalper.data.alpaca_crypto_feed: subscribed to ['BTC/USD'] on stream.data.alpaca.markets
2026-06-11 09:15:22,568 INFO paper_scalper.data.alpaca_crypto_feed: alpaca: {'T': 'success', 'msg': 'connected'}
2026-06-11 09:15:22,612 INFO paper_scalper.data.alpaca_crypto_feed: alpaca: {'T': 'success', 'msg': 'authenticated'}
2026-06-11 09:15:22,612 INFO paper_scalper.data.alpaca_crypto_feed: alpaca: {'T': 'subscription', 'trades': ['BTC/USD'], 'quotes': ['BTC/USD'], 'orderbooks': [], 'bars': [], 'updatedBars': [], 'dailyBars': []}
2026-06-11 09:17:25,641 WARNING paper_scalper.data.alpaca_crypto_feed: feed disconnected (sent 1011 (internal error) keepalive ping timeout; no close frame received); reconnecting in 1s
2026-06-11 09:17:26,793 INFO paper_scalper.data.alpaca_crypto_feed: subscribed to ['BTC/USD'] on stream.data.alpaca.markets
2026-06-11 09:17:26,793 INFO paper_scalper.data.alpaca_crypto_feed: alpaca: {'T': 'success', 'msg': 'connected'}
2026-06-11 09:17:26,835 INFO paper_scalper.data.alpaca_crypto_feed: alpaca: {'T': 'success', 'msg': 'authenticated'}
2026-06-11 09:17:26,835 INFO paper_scalper.data.alpaca_crypto_feed: alpaca: {'T': 'subscription', 'trades': ['BTC/USD'], 'quotes': ['BTC/USD'], 'orderbooks': [], 'bars': [], 'updatedBars': [], 'dailyBars': []}
2026-06-11 09:17:27,636 INFO paper_scalper: [pullback] OPEN short qty=0.078673 @ 62658.11 sl=62814.75 tp=62376.15 | short: px 62805.50 vs vwap 62992.31, ema sep -10.1bps, rsi 43.6, vol 0.004 vs avg 0.000, atr 0.167%
2026-06-11 09:17:38,009 INFO paper_scalper: [pullback] CLOSE short @ 62837.95 (stop_loss) net=-38.83 fees=24.68 equity=9843.41
2026-06-11 09:19:30,425 WARNING paper_scalper.data.alpaca_crypto_feed: feed disconnected (sent 1011 (internal error) keepalive ping timeout; no close frame received); reconnecting in 1s
2026-06-11 09:19:31,580 INFO paper_scalper.data.alpaca_crypto_feed: subscribed to ['BTC/USD'] on stream.data.alpaca.markets
2026-06-11 09:19:31,580 INFO paper_scalper.data.alpaca_crypto_feed: alpaca: {'T': 'success', 'msg': 'connected'}
2026-06-11 09:19:31,623 INFO paper_scalper.data.alpaca_crypto_feed: alpaca: {'T': 'success', 'msg': 'authenticated'}
2026-06-11 09:19:31,623 INFO paper_scalper.data.alpaca_crypto_feed: alpaca: {'T': 'subscription', 'trades': ['BTC/USD'], 'quotes': ['BTC/USD'], 'orderbooks': [], 'bars': [], 'updatedBars': [], 'dailyBars': []}
2026-06-11 09:21:34,280 WARNING paper_scalper.data.alpaca_crypto_feed: feed disconnected (sent 1011 (internal error) keepalive ping timeout; no close frame received); reconnecting in 1s
2026-06-11 09:21:35,429 INFO paper_scalper.data.alpaca_crypto_feed: subscribed to ['BTC/USD'] on stream.data.alpaca.markets
2026-06-11 09:21:35,429 INFO paper_scalper.data.alpaca_crypto_feed: alpaca: {'T': 'success', 'msg': 'connected'}
2026-06-11 09:21:35,472 INFO paper_scalper.data.alpaca_crypto_feed: alpaca: {'T': 'success', 'msg': 'authenticated'}
2026-06-11 09:21:35,472 INFO paper_scalper.data.alpaca_crypto_feed: alpaca: {'T': 'subscription', 'trades': ['BTC/USD'], 'quotes': ['BTC/USD'], 'orderbooks': [], 'bars': [], 'updatedBars': [], 'dailyBars': []}
2026-06-11 09:24:51,587 WARNING paper_scalper.data.alpaca_crypto_feed: feed disconnected (sent 1011 (internal error) keepalive ping timeout; no close frame received); reconnecting in 1s
2026-06-11 09:24:52,821 INFO paper_scalper.data.alpaca_crypto_feed: subscribed to ['BTC/USD'] on stream.data.alpaca.markets
2026-06-11 09:24:52,821 INFO paper_scalper.data.alpaca_crypto_feed: alpaca: {'T': 'success', 'msg': 'connected'}
2026-06-11 09:24:52,860 INFO paper_scalper.data.alpaca_crypto_feed: alpaca: {'T': 'success', 'msg': 'authenticated'}
2026-06-11 09:24:52,860 INFO paper_scalper.data.alpaca_crypto_feed: alpaca: {'T': 'subscription', 'trades': ['BTC/USD'], 'quotes': ['BTC/USD'], 'orderbooks': [], 'bars': [], 'updatedBars': [], 'dailyBars': []}
2026-06-11 09:27:36,219 WARNING paper_scalper.data.alpaca_crypto_feed: feed disconnected (sent 1011 (internal error) keepalive ping timeout; no close frame received); reconnecting in 1s
2026-06-11 09:27:37,362 INFO paper_scalper.data.alpaca_crypto_feed: subscribed to ['BTC/USD'] on stream.data.alpaca.markets
2026-06-11 09:27:37,363 INFO paper_scalper.data.alpaca_crypto_feed: alpaca: {'T': 'success', 'msg': 'connected'}
2026-06-11 09:27:37,406 INFO paper_scalper.data.alpaca_crypto_feed: alpaca: {'T': 'success', 'msg': 'authenticated'}
2026-06-11 09:27:37,407 INFO paper_scalper.data.alpaca_crypto_feed: alpaca: {'T': 'subscription', 'trades': ['BTC/USD'], 'quotes': ['BTC/USD'], 'orderbooks': [], 'bars': [], 'updatedBars': [], 'dailyBars': []}
2026-06-11 09:30:53,471 WARNING paper_scalper.data.alpaca_crypto_feed: feed disconnected (sent 1011 (internal error) keepalive ping timeout; no close frame received); reconnecting in 1s
2026-06-11 09:30:54,664 INFO paper_scalper.data.alpaca_crypto_feed: subscribed to ['BTC/USD'] on stream.data.alpaca.markets
2026-06-11 09:30:54,664 INFO paper_scalper.data.alpaca_crypto_feed: alpaca: {'T': 'success', 'msg': 'connected'}
2026-06-11 09:30:54,711 INFO paper_scalper.data.alpaca_crypto_feed: alpaca: {'T': 'success', 'msg': 'authenticated'}
2026-06-11 09:30:54,711 INFO paper_scalper.data.alpaca_crypto_feed: alpaca: {'T': 'subscription', 'trades': ['BTC/USD'], 'quotes': ['BTC/USD'], 'orderbooks': [], 'bars': [], 'updatedBars': [], 'dailyBars': []}
2026-06-11 09:39:29,903 WARNING paper_scalper.data.alpaca_crypto_feed: feed disconnected (sent 1011 (internal error) keepalive ping timeout; no close frame received); reconnecting in 1s
2026-06-11 09:39:31,079 INFO paper_scalper.data.alpaca_crypto_feed: subscribed to ['BTC/USD'] on stream.data.alpaca.markets
2026-06-11 09:39:31,079 INFO paper_scalper.data.alpaca_crypto_feed: alpaca: {'T': 'success', 'msg': 'connected'}
2026-06-11 09:39:31,119 INFO paper_scalper.data.alpaca_crypto_feed: alpaca: {'T': 'success', 'msg': 'authenticated'}
2026-06-11 09:39:31,119 INFO paper_scalper.data.alpaca_crypto_feed: alpaca: {'T': 'subscription', 'trades': ['BTC/USD'], 'quotes': ['BTC/USD'], 'orderbooks': [], 'bars': [], 'updatedBars': [], 'dailyBars': []}
2026-06-11 09:41:33,844 WARNING paper_scalper.data.alpaca_crypto_feed: feed disconnected (sent 1011 (internal error) keepalive ping timeout; no close frame received); reconnecting in 1s
2026-06-11 09:41:34,994 INFO paper_scalper.data.alpaca_crypto_feed: subscribed to ['BTC/USD'] on stream.data.alpaca.markets
2026-06-11 09:41:34,994 INFO paper_scalper.data.alpaca_crypto_feed: alpaca: {'T': 'success', 'msg': 'connected'}
2026-06-11 09:41:35,038 INFO paper_scalper.data.alpaca_crypto_feed: alpaca: {'T': 'success', 'msg': 'authenticated'}
2026-06-11 09:41:35,038 INFO paper_scalper.data.alpaca_crypto_feed: alpaca: {'T': 'subscription', 'trades': ['BTC/USD'], 'quotes': ['BTC/USD'], 'orderbooks': [], 'bars': [], 'updatedBars': [], 'dailyBars': []}
2026-06-11 09:43:38,368 WARNING paper_scalper.data.alpaca_crypto_feed: feed disconnected (sent 1011 (internal error) keepalive ping timeout; no close frame received); reconnecting in 1s
2026-06-11 09:43:46,173 INFO paper_scalper.data.alpaca_crypto_feed: subscribed to ['BTC/USD'] on stream.data.alpaca.markets
2026-06-11 09:43:46,173 INFO paper_scalper.data.alpaca_crypto_feed: alpaca: {'T': 'success', 'msg': 'connected'}
2026-06-11 09:43:46,217 INFO paper_scalper.data.alpaca_crypto_feed: alpaca: {'T': 'success', 'msg': 'authenticated'}
2026-06-11 09:43:46,217 INFO paper_scalper.data.alpaca_crypto_feed: alpaca: {'T': 'subscription', 'trades': ['BTC/USD'], 'quotes': ['BTC/USD'], 'orderbooks': [], 'bars': [], 'updatedBars': [], 'dailyBars': []}
2026-06-11 09:47:28,661 WARNING paper_scalper.data.alpaca_crypto_feed: feed disconnected (sent 1011 (internal error) keepalive ping timeout; no close frame received); reconnecting in 1s
2026-06-11 09:47:29,829 INFO paper_scalper.data.alpaca_crypto_feed: subscribed to ['BTC/USD'] on stream.data.alpaca.markets
2026-06-11 09:47:29,830 INFO paper_scalper.data.alpaca_crypto_feed: alpaca: {'T': 'success', 'msg': 'connected'}
2026-06-11 09:47:29,872 INFO paper_scalper.data.alpaca_crypto_feed: alpaca: {'T': 'success', 'msg': 'authenticated'}
2026-06-11 09:47:29,872 INFO paper_scalper.data.alpaca_crypto_feed: alpaca: {'T': 'subscription', 'trades': ['BTC/USD'], 'quotes': ['BTC/USD'], 'orderbooks': [], 'bars': [], 'updatedBars': [], 'dailyBars': []}
2026-06-11 09:49:32,572 WARNING paper_scalper.data.alpaca_crypto_feed: feed disconnected (sent 1011 (internal error) keepalive ping timeout; no close frame received); reconnecting in 1s
2026-06-11 09:49:33,729 INFO paper_scalper.data.alpaca_crypto_feed: subscribed to ['BTC/USD'] on stream.data.alpaca.markets
2026-06-11 09:49:33,729 INFO paper_scalper.data.alpaca_crypto_feed: alpaca: {'T': 'success', 'msg': 'connected'}
2026-06-11 09:49:33,769 INFO paper_scalper.data.alpaca_crypto_feed: alpaca: {'T': 'success', 'msg': 'authenticated'}
2026-06-11 09:49:33,770 INFO paper_scalper.data.alpaca_crypto_feed: alpaca: {'T': 'subscription', 'trades': ['BTC/USD'], 'quotes': ['BTC/USD'], 'orderbooks': [], 'bars': [], 'updatedBars': [], 'dailyBars': []}
2026-06-11 09:50:07,892 INFO paper_scalper: [pullback] OPEN short qty=0.078341 @ 62749.17 sl=62906.04 tp=62466.80 | short: px 62824.50 vs vwap 62986.07, ema sep -2.4bps, rsi 46.1, vol 0.002 vs avg 0.000, atr 0.140%
2026-06-11 09:50:59,731 INFO paper_scalper: [pullback] CLOSE short @ 62937.38 (stop_loss) net=-39.36 fees=24.62 equity=9804.05
2026-06-11 09:50:59,731 WARNING paper_scalper: [pullback] RISK HALT: 5 consecutive losses
2026-06-11 09:53:22,767 WARNING paper_scalper.data.alpaca_crypto_feed: feed disconnected (sent 1011 (internal error) keepalive ping timeout; no close frame received); reconnecting in 1s
2026-06-11 09:53:23,923 INFO paper_scalper.data.alpaca_crypto_feed: subscribed to ['BTC/USD'] on stream.data.alpaca.markets
2026-06-11 09:53:23,924 INFO paper_scalper.data.alpaca_crypto_feed: alpaca: {'T': 'success', 'msg': 'connected'}
2026-06-11 09:53:23,968 INFO paper_scalper.data.alpaca_crypto_feed: alpaca: {'T': 'success', 'msg': 'authenticated'}
2026-06-11 09:53:23,968 INFO paper_scalper.data.alpaca_crypto_feed: alpaca: {'T': 'subscription', 'trades': ['BTC/USD'], 'quotes': ['BTC/USD'], 'orderbooks': [], 'bars': [], 'updatedBars': [], 'dailyBars': []}
2026-06-11 09:55:27,318 WARNING paper_scalper.data.alpaca_crypto_feed: feed disconnected (sent 1011 (internal error) keepalive ping timeout; no close frame received); reconnecting in 1s
2026-06-11 09:55:28,460 INFO paper_scalper.data.alpaca_crypto_feed: subscribed to ['BTC/USD'] on stream.data.alpaca.markets
2026-06-11 09:55:28,460 INFO paper_scalper.data.alpaca_crypto_feed: alpaca: {'T': 'success', 'msg': 'connected'}
2026-06-11 09:55:28,499 INFO paper_scalper.data.alpaca_crypto_feed: alpaca: {'T': 'success', 'msg': 'authenticated'}
2026-06-11 09:55:28,499 INFO paper_scalper.data.alpaca_crypto_feed: alpaca: {'T': 'subscription', 'trades': ['BTC/USD'], 'quotes': ['BTC/USD'], 'orderbooks': [], 'bars': [], 'updatedBars': [], 'dailyBars': []}
2026-06-11 10:01:30,173 WARNING paper_scalper.data.alpaca_crypto_feed: feed disconnected (sent 1011 (internal error) keepalive ping timeout; no close frame received); reconnecting in 1s
2026-06-11 10:01:31,369 INFO paper_scalper.data.alpaca_crypto_feed: subscribed to ['BTC/USD'] on stream.data.alpaca.markets
2026-06-11 10:01:31,369 INFO paper_scalper.data.alpaca_crypto_feed: alpaca: {'T': 'success', 'msg': 'connected'}
2026-06-11 10:01:31,414 INFO paper_scalper.data.alpaca_crypto_feed: alpaca: {'T': 'success', 'msg': 'authenticated'}
2026-06-11 10:01:31,415 INFO paper_scalper.data.alpaca_crypto_feed: alpaca: {'T': 'subscription', 'trades': ['BTC/USD'], 'quotes': ['BTC/USD'], 'orderbooks': [], 'bars': [], 'updatedBars': [], 'dailyBars': []}
2026-06-11 10:03:34,388 WARNING paper_scalper.data.alpaca_crypto_feed: feed disconnected (sent 1011 (internal error) keepalive ping timeout; no close frame received); reconnecting in 1s
2026-06-11 10:03:35,535 INFO paper_scalper.data.alpaca_crypto_feed: subscribed to ['BTC/USD'] on stream.data.alpaca.markets
2026-06-11 10:03:35,535 INFO paper_scalper.data.alpaca_crypto_feed: alpaca: {'T': 'success', 'msg': 'connected'}
2026-06-11 10:03:35,577 INFO paper_scalper.data.alpaca_crypto_feed: alpaca: {'T': 'success', 'msg': 'authenticated'}
2026-06-11 10:03:35,577 INFO paper_scalper.data.alpaca_crypto_feed: alpaca: {'T': 'subscription', 'trades': ['BTC/USD'], 'quotes': ['BTC/USD'], 'orderbooks': [], 'bars': [], 'updatedBars': [], 'dailyBars': []}
2026-06-11 10:03:35,840 INFO paper_scalper: [meanrev] OPEN long qty=0.079920 @ 62689.34 sl=62532.62 tp=62877.41 | long fade: rsi 29.0, px 62498.40 vs vwap 62985.53 (-4.82 atr), atr 0.162%
2026-06-11 10:06:51,549 WARNING paper_scalper.data.alpaca_crypto_feed: feed disconnected (sent 1011 (internal error) keepalive ping timeout; no close frame received); reconnecting in 1s
2026-06-11 10:06:52,711 INFO paper_scalper.data.alpaca_crypto_feed: subscribed to ['BTC/USD'] on stream.data.alpaca.markets
2026-06-11 10:06:52,712 INFO paper_scalper.data.alpaca_crypto_feed: alpaca: {'T': 'success', 'msg': 'connected'}
2026-06-11 10:06:52,750 INFO paper_scalper.data.alpaca_crypto_feed: alpaca: {'T': 'success', 'msg': 'authenticated'}
2026-06-11 10:06:52,751 INFO paper_scalper.data.alpaca_crypto_feed: alpaca: {'T': 'subscription', 'trades': ['BTC/USD'], 'quotes': ['BTC/USD'], 'orderbooks': [], 'bars': [], 'updatedBars': [], 'dailyBars': []}
2026-06-11 10:09:35,783 WARNING paper_scalper.data.alpaca_crypto_feed: feed disconnected (sent 1011 (internal error) keepalive ping timeout; no close frame received); reconnecting in 1s
2026-06-11 10:09:36,931 INFO paper_scalper.data.alpaca_crypto_feed: subscribed to ['BTC/USD'] on stream.data.alpaca.markets
2026-06-11 10:09:36,932 INFO paper_scalper.data.alpaca_crypto_feed: alpaca: {'T': 'success', 'msg': 'connected'}
2026-06-11 10:09:36,971 INFO paper_scalper.data.alpaca_crypto_feed: alpaca: {'T': 'success', 'msg': 'authenticated'}
2026-06-11 10:09:36,972 INFO paper_scalper.data.alpaca_crypto_feed: alpaca: {'T': 'subscription', 'trades': ['BTC/USD'], 'quotes': ['BTC/USD'], 'orderbooks': [], 'bars': [], 'updatedBars': [], 'dailyBars': []}
2026-06-11 10:09:36,996 INFO paper_scalper: [meanrev] CLOSE long @ 62657.97 (max_hold) net=-27.55 fees=25.04 equity=9962.19
2026-06-11 10:12:53,027 WARNING paper_scalper.data.alpaca_crypto_feed: feed disconnected (sent 1011 (internal error) keepalive ping timeout; no close frame received); reconnecting in 1s
2026-06-11 10:12:54,202 INFO paper_scalper.data.alpaca_crypto_feed: subscribed to ['BTC/USD'] on stream.data.alpaca.markets
2026-06-11 10:12:54,203 INFO paper_scalper.data.alpaca_crypto_feed: alpaca: {'T': 'success', 'msg': 'connected'}
2026-06-11 10:12:54,247 INFO paper_scalper.data.alpaca_crypto_feed: alpaca: {'T': 'success', 'msg': 'authenticated'}
2026-06-11 10:12:54,248 INFO paper_scalper.data.alpaca_crypto_feed: alpaca: {'T': 'subscription', 'trades': ['BTC/USD'], 'quotes': ['BTC/USD'], 'orderbooks': [], 'bars': [], 'updatedBars': [], 'dailyBars': []}
2026-06-11 10:15:37,190 WARNING paper_scalper.data.alpaca_crypto_feed: feed disconnected (sent 1011 (internal error) keepalive ping timeout; no close frame received); reconnecting in 1s
2026-06-11 10:16:52,135 INFO paper_scalper.data.alpaca_crypto_feed: subscribed to ['BTC/USD'] on stream.data.alpaca.markets
2026-06-11 10:16:52,135 INFO paper_scalper.data.alpaca_crypto_feed: alpaca: {'T': 'success', 'msg': 'connected'}
2026-06-11 10:16:52,201 INFO paper_scalper.data.alpaca_crypto_feed: alpaca: {'T': 'success', 'msg': 'authenticated'}
2026-06-11 10:16:52,202 INFO paper_scalper.data.alpaca_crypto_feed: alpaca: {'T': 'subscription', 'trades': ['BTC/USD'], 'quotes': ['BTC/USD'], 'orderbooks': [], 'bars': [], 'updatedBars': [], 'dailyBars': []}
2026-06-11 10:19:35,142 WARNING paper_scalper.data.alpaca_crypto_feed: feed disconnected (sent 1011 (internal error) keepalive ping timeout; no close frame received); reconnecting in 1s
2026-06-11 10:19:36,301 INFO paper_scalper.data.alpaca_crypto_feed: subscribed to ['BTC/USD'] on stream.data.alpaca.markets
2026-06-11 10:19:36,301 INFO paper_scalper.data.alpaca_crypto_feed: alpaca: {'T': 'success', 'msg': 'connected'}
2026-06-11 10:19:36,341 INFO paper_scalper.data.alpaca_crypto_feed: alpaca: {'T': 'success', 'msg': 'authenticated'}
2026-06-11 10:19:36,341 INFO paper_scalper.data.alpaca_crypto_feed: alpaca: {'T': 'subscription', 'trades': ['BTC/USD'], 'quotes': ['BTC/USD'], 'orderbooks': [], 'bars': [], 'updatedBars': [], 'dailyBars': []}
2026-06-11 10:22:52,343 WARNING paper_scalper.data.alpaca_crypto_feed: feed disconnected (sent 1011 (internal error) keepalive ping timeout; no close frame received); reconnecting in 1s
2026-06-11 10:22:53,505 INFO paper_scalper.data.alpaca_crypto_feed: subscribed to ['BTC/USD'] on stream.data.alpaca.markets
2026-06-11 10:22:53,505 INFO paper_scalper.data.alpaca_crypto_feed: alpaca: {'T': 'success', 'msg': 'connected'}
2026-06-11 10:22:53,545 INFO paper_scalper.data.alpaca_crypto_feed: alpaca: {'T': 'success', 'msg': 'authenticated'}
2026-06-11 10:22:53,545 INFO paper_scalper.data.alpaca_crypto_feed: alpaca: {'T': 'subscription', 'trades': ['BTC/USD'], 'quotes': ['BTC/USD'], 'orderbooks': [], 'bars': [], 'updatedBars': [], 'dailyBars': []}
2026-06-11 10:25:36,552 WARNING paper_scalper.data.alpaca_crypto_feed: feed disconnected (sent 1011 (internal error) keepalive ping timeout; no close frame received); reconnecting in 1s
2026-06-11 10:25:37,761 INFO paper_scalper.data.alpaca_crypto_feed: subscribed to ['BTC/USD'] on stream.data.alpaca.markets
2026-06-11 10:25:37,761 INFO paper_scalper.data.alpaca_crypto_feed: alpaca: {'T': 'success', 'msg': 'connected'}
2026-06-11 10:25:37,805 INFO paper_scalper.data.alpaca_crypto_feed: alpaca: {'T': 'success', 'msg': 'authenticated'}
2026-06-11 10:25:37,805 INFO paper_scalper.data.alpaca_crypto_feed: alpaca: {'T': 'subscription', 'trades': ['BTC/USD'], 'quotes': ['BTC/USD'], 'orderbooks': [], 'bars': [], 'updatedBars': [], 'dailyBars': []}
2026-06-11 10:28:53,794 WARNING paper_scalper.data.alpaca_crypto_feed: feed disconnected (sent 1011 (internal error) keepalive ping timeout; no close frame received); reconnecting in 1s
2026-06-11 10:28:55,939 INFO paper_scalper.data.alpaca_crypto_feed: subscribed to ['BTC/USD'] on stream.data.alpaca.markets
2026-06-11 10:28:55,939 INFO paper_scalper.data.alpaca_crypto_feed: alpaca: {'T': 'success', 'msg': 'connected'}
2026-06-11 10:28:55,983 INFO paper_scalper.data.alpaca_crypto_feed: alpaca: {'T': 'success', 'msg': 'authenticated'}
2026-06-11 10:28:55,983 INFO paper_scalper.data.alpaca_crypto_feed: alpaca: {'T': 'subscription', 'trades': ['BTC/USD'], 'quotes': ['BTC/USD'], 'orderbooks': [], 'bars': [], 'updatedBars': [], 'dailyBars': []}
2026-06-11 10:32:51,979 WARNING paper_scalper.data.alpaca_crypto_feed: feed disconnected (sent 1011 (internal error) keepalive ping timeout; no close frame received); reconnecting in 1s
2026-06-11 10:32:53,139 INFO paper_scalper.data.alpaca_crypto_feed: subscribed to ['BTC/USD'] on stream.data.alpaca.markets
2026-06-11 10:32:53,139 INFO paper_scalper.data.alpaca_crypto_feed: alpaca: {'T': 'success', 'msg': 'connected'}
2026-06-11 10:32:53,179 INFO paper_scalper.data.alpaca_crypto_feed: alpaca: {'T': 'success', 'msg': 'authenticated'}
2026-06-11 10:32:53,179 INFO paper_scalper.data.alpaca_crypto_feed: alpaca: {'T': 'subscription', 'trades': ['BTC/USD'], 'quotes': ['BTC/USD'], 'orderbooks': [], 'bars': [], 'updatedBars': [], 'dailyBars': []}
2026-06-11 10:35:36,176 WARNING paper_scalper.data.alpaca_crypto_feed: feed disconnected (sent 1011 (internal error) keepalive ping timeout; no close frame received); reconnecting in 1s
2026-06-11 10:35:37,322 INFO paper_scalper.data.alpaca_crypto_feed: subscribed to ['BTC/USD'] on stream.data.alpaca.markets
2026-06-11 10:35:37,322 INFO paper_scalper.data.alpaca_crypto_feed: alpaca: {'T': 'success', 'msg': 'connected'}
2026-06-11 10:35:37,366 INFO paper_scalper.data.alpaca_crypto_feed: alpaca: {'T': 'success', 'msg': 'authenticated'}
2026-06-11 10:35:37,366 INFO paper_scalper.data.alpaca_crypto_feed: alpaca: {'T': 'subscription', 'trades': ['BTC/USD'], 'quotes': ['BTC/USD'], 'orderbooks': [], 'bars': [], 'updatedBars': [], 'dailyBars': []}
2026-06-11 10:38:53,292 WARNING paper_scalper.data.alpaca_crypto_feed: feed disconnected (sent 1011 (internal error) keepalive ping timeout; no close frame received); reconnecting in 1s
2026-06-11 10:38:54,489 INFO paper_scalper.data.alpaca_crypto_feed: subscribed to ['BTC/USD'] on stream.data.alpaca.markets
2026-06-11 10:38:54,490 INFO paper_scalper.data.alpaca_crypto_feed: alpaca: {'T': 'success', 'msg': 'connected'}
2026-06-11 10:38:54,536 INFO paper_scalper.data.alpaca_crypto_feed: alpaca: {'T': 'success', 'msg': 'authenticated'}
2026-06-11 10:38:54,536 INFO paper_scalper.data.alpaca_crypto_feed: alpaca: {'T': 'subscription', 'trades': ['BTC/USD'], 'quotes': ['BTC/USD'], 'orderbooks': [], 'bars': [], 'updatedBars': [], 'dailyBars': []}
2026-06-11 10:43:30,526 WARNING paper_scalper.data.alpaca_crypto_feed: feed disconnected (sent 1011 (internal error) keepalive ping timeout; no close frame received); reconnecting in 1s
2026-06-11 10:43:31,760 INFO paper_scalper.data.alpaca_crypto_feed: subscribed to ['BTC/USD'] on stream.data.alpaca.markets
2026-06-11 10:43:31,760 INFO paper_scalper.data.alpaca_crypto_feed: alpaca: {'T': 'success', 'msg': 'connected'}
2026-06-11 10:43:31,856 INFO paper_scalper.data.alpaca_crypto_feed: alpaca: {'T': 'success', 'msg': 'authenticated'}
2026-06-11 10:43:31,857 INFO paper_scalper.data.alpaca_crypto_feed: alpaca: {'T': 'subscription', 'trades': ['BTC/USD'], 'quotes': ['BTC/USD'], 'orderbooks': [], 'bars': [], 'updatedBars': [], 'dailyBars': []}
2026-06-11 10:45:34,823 WARNING paper_scalper.data.alpaca_crypto_feed: feed disconnected (sent 1011 (internal error) keepalive ping timeout; no close frame received); reconnecting in 1s
2026-06-11 10:45:35,995 INFO paper_scalper.data.alpaca_crypto_feed: subscribed to ['BTC/USD'] on stream.data.alpaca.markets
2026-06-11 10:45:35,996 INFO paper_scalper.data.alpaca_crypto_feed: alpaca: {'T': 'success', 'msg': 'connected'}
2026-06-11 10:45:36,038 INFO paper_scalper.data.alpaca_crypto_feed: alpaca: {'T': 'success', 'msg': 'authenticated'}
2026-06-11 10:45:36,038 INFO paper_scalper.data.alpaca_crypto_feed: alpaca: {'T': 'subscription', 'trades': ['BTC/USD'], 'quotes': ['BTC/USD'], 'orderbooks': [], 'bars': [], 'updatedBars': [], 'dailyBars': []}
2026-06-11 10:48:52,117 WARNING paper_scalper.data.alpaca_crypto_feed: feed disconnected (sent 1011 (internal error) keepalive ping timeout; no close frame received); reconnecting in 1s
2026-06-11 10:48:53,259 INFO paper_scalper.data.alpaca_crypto_feed: subscribed to ['BTC/USD'] on stream.data.alpaca.markets
2026-06-11 10:48:53,259 INFO paper_scalper.data.alpaca_crypto_feed: alpaca: {'T': 'success', 'msg': 'connected'}
2026-06-11 10:48:53,305 INFO paper_scalper.data.alpaca_crypto_feed: alpaca: {'T': 'success', 'msg': 'authenticated'}
2026-06-11 10:48:53,305 INFO paper_scalper.data.alpaca_crypto_feed: alpaca: {'T': 'subscription', 'trades': ['BTC/USD'], 'quotes': ['BTC/USD'], 'orderbooks': [], 'bars': [], 'updatedBars': [], 'dailyBars': []}
2026-06-11 10:51:36,342 WARNING paper_scalper.data.alpaca_crypto_feed: feed disconnected (sent 1011 (internal error) keepalive ping timeout; no close frame received); reconnecting in 1s
2026-06-11 10:51:37,563 INFO paper_scalper.data.alpaca_crypto_feed: subscribed to ['BTC/USD'] on stream.data.alpaca.markets
2026-06-11 10:51:37,563 INFO paper_scalper.data.alpaca_crypto_feed: alpaca: {'T': 'success', 'msg': 'connected'}
2026-06-11 10:51:37,606 INFO paper_scalper.data.alpaca_crypto_feed: alpaca: {'T': 'success', 'msg': 'authenticated'}
2026-06-11 10:51:37,606 INFO paper_scalper.data.alpaca_crypto_feed: alpaca: {'T': 'subscription', 'trades': ['BTC/USD'], 'quotes': ['BTC/USD'], 'orderbooks': [], 'bars': [], 'updatedBars': [], 'dailyBars': []}
2026-06-11 10:54:53,607 WARNING paper_scalper.data.alpaca_crypto_feed: feed disconnected (sent 1011 (internal error) keepalive ping timeout; no close frame received); reconnecting in 1s
2026-06-11 10:54:54,756 INFO paper_scalper.data.alpaca_crypto_feed: subscribed to ['BTC/USD'] on stream.data.alpaca.markets
2026-06-11 10:54:54,757 INFO paper_scalper.data.alpaca_crypto_feed: alpaca: {'T': 'success', 'msg': 'connected'}
2026-06-11 10:54:54,798 INFO paper_scalper.data.alpaca_crypto_feed: alpaca: {'T': 'success', 'msg': 'authenticated'}
2026-06-11 10:54:54,798 INFO paper_scalper.data.alpaca_crypto_feed: alpaca: {'T': 'subscription', 'trades': ['BTC/USD'], 'quotes': ['BTC/USD'], 'orderbooks': [], 'bars': [], 'updatedBars': [], 'dailyBars': []}
2026-06-11 10:59:30,760 WARNING paper_scalper.data.alpaca_crypto_feed: feed disconnected (sent 1011 (internal error) keepalive ping timeout; no close frame received); reconnecting in 1s
2026-06-11 10:59:31,953 INFO paper_scalper.data.alpaca_crypto_feed: subscribed to ['BTC/USD'] on stream.data.alpaca.markets
2026-06-11 10:59:31,953 INFO paper_scalper.data.alpaca_crypto_feed: alpaca: {'T': 'success', 'msg': 'connected'}
2026-06-11 10:59:32,005 INFO paper_scalper.data.alpaca_crypto_feed: alpaca: {'T': 'success', 'msg': 'authenticated'}
2026-06-11 10:59:32,005 INFO paper_scalper.data.alpaca_crypto_feed: alpaca: {'T': 'subscription', 'trades': ['BTC/USD'], 'quotes': ['BTC/USD'], 'orderbooks': [], 'bars': [], 'updatedBars': [], 'dailyBars': []}
2026-06-11 11:01:35,043 WARNING paper_scalper.data.alpaca_crypto_feed: feed disconnected (sent 1011 (internal error) keepalive ping timeout; no close frame received); reconnecting in 1s
2026-06-11 11:01:36,197 INFO paper_scalper.data.alpaca_crypto_feed: subscribed to ['BTC/USD'] on stream.data.alpaca.markets
2026-06-11 11:01:36,198 INFO paper_scalper.data.alpaca_crypto_feed: alpaca: {'T': 'success', 'msg': 'connected'}
2026-06-11 11:01:36,246 INFO paper_scalper.data.alpaca_crypto_feed: alpaca: {'T': 'success', 'msg': 'authenticated'}
2026-06-11 11:01:36,246 INFO paper_scalper.data.alpaca_crypto_feed: alpaca: {'T': 'subscription', 'trades': ['BTC/USD'], 'quotes': ['BTC/USD'], 'orderbooks': [], 'bars': [], 'updatedBars': [], 'dailyBars': []}
2026-06-11 11:04:52,256 WARNING paper_scalper.data.alpaca_crypto_feed: feed disconnected (sent 1011 (internal error) keepalive ping timeout; no close frame received); reconnecting in 1s
2026-06-11 11:04:53,430 INFO paper_scalper.data.alpaca_crypto_feed: subscribed to ['BTC/USD'] on stream.data.alpaca.markets
2026-06-11 11:04:53,430 INFO paper_scalper.data.alpaca_crypto_feed: alpaca: {'T': 'success', 'msg': 'connected'}
2026-06-11 11:04:53,471 INFO paper_scalper.data.alpaca_crypto_feed: alpaca: {'T': 'success', 'msg': 'authenticated'}
2026-06-11 11:04:53,472 INFO paper_scalper.data.alpaca_crypto_feed: alpaca: {'T': 'subscription', 'trades': ['BTC/USD'], 'quotes': ['BTC/USD'], 'orderbooks': [], 'bars': [], 'updatedBars': [], 'dailyBars': []}
2026-06-11 11:07:36,469 WARNING paper_scalper.data.alpaca_crypto_feed: feed disconnected (sent 1011 (internal error) keepalive ping timeout; no close frame received); reconnecting in 1s
2026-06-11 11:07:37,618 INFO paper_scalper.data.alpaca_crypto_feed: subscribed to ['BTC/USD'] on stream.data.alpaca.markets
2026-06-11 11:07:37,618 INFO paper_scalper.data.alpaca_crypto_feed: alpaca: {'T': 'success', 'msg': 'connected'}
2026-06-11 11:07:37,660 INFO paper_scalper.data.alpaca_crypto_feed: alpaca: {'T': 'success', 'msg': 'authenticated'}
2026-06-11 11:07:37,660 INFO paper_scalper.data.alpaca_crypto_feed: alpaca: {'T': 'subscription', 'trades': ['BTC/USD'], 'quotes': ['BTC/USD'], 'orderbooks': [], 'bars': [], 'updatedBars': [], 'dailyBars': []}
2026-06-11 11:10:53,689 WARNING paper_scalper.data.alpaca_crypto_feed: feed disconnected (sent 1011 (internal error) keepalive ping timeout; no close frame received); reconnecting in 1s
2026-06-11 11:10:54,850 INFO paper_scalper.data.alpaca_crypto_feed: subscribed to ['BTC/USD'] on stream.data.alpaca.markets
2026-06-11 11:10:54,850 INFO paper_scalper.data.alpaca_crypto_feed: alpaca: {'T': 'success', 'msg': 'connected'}
2026-06-11 11:10:54,890 INFO paper_scalper.data.alpaca_crypto_feed: alpaca: {'T': 'success', 'msg': 'authenticated'}
2026-06-11 11:10:54,892 INFO paper_scalper.data.alpaca_crypto_feed: alpaca: {'T': 'subscription', 'trades': ['BTC/USD'], 'quotes': ['BTC/USD'], 'orderbooks': [], 'bars': [], 'updatedBars': [], 'dailyBars': []}
2026-06-11 11:13:37,872 WARNING paper_scalper.data.alpaca_crypto_feed: feed disconnected (sent 1011 (internal error) keepalive ping timeout; no close frame received); reconnecting in 1s
2026-06-11 11:14:52,194 INFO paper_scalper.data.alpaca_crypto_feed: subscribed to ['BTC/USD'] on stream.data.alpaca.markets
2026-06-11 11:14:52,195 INFO paper_scalper.data.alpaca_crypto_feed: alpaca: {'T': 'success', 'msg': 'connected'}
2026-06-11 11:14:52,237 INFO paper_scalper.data.alpaca_crypto_feed: alpaca: {'T': 'success', 'msg': 'authenticated'}
2026-06-11 11:14:52,237 INFO paper_scalper.data.alpaca_crypto_feed: alpaca: {'T': 'subscription', 'trades': ['BTC/USD'], 'quotes': ['BTC/USD'], 'orderbooks': [], 'bars': [], 'updatedBars': [], 'dailyBars': []}
2026-06-11 11:17:35,244 WARNING paper_scalper.data.alpaca_crypto_feed: feed disconnected (sent 1011 (internal error) keepalive ping timeout; no close frame received); reconnecting in 1s
2026-06-11 11:18:51,488 WARNING paper_scalper.data.alpaca_crypto_feed: feed disconnected ([Errno 8] nodename nor servname provided, or not known); reconnecting in 2s
2026-06-11 11:18:53,660 INFO paper_scalper.data.alpaca_crypto_feed: subscribed to ['BTC/USD'] on stream.data.alpaca.markets
2026-06-11 11:18:53,661 INFO paper_scalper.data.alpaca_crypto_feed: alpaca: {'T': 'success', 'msg': 'connected'}
2026-06-11 11:18:53,704 INFO paper_scalper.data.alpaca_crypto_feed: alpaca: {'T': 'success', 'msg': 'authenticated'}
2026-06-11 11:18:53,705 INFO paper_scalper.data.alpaca_crypto_feed: alpaca: {'T': 'subscription', 'trades': ['BTC/USD'], 'quotes': ['BTC/USD'], 'orderbooks': [], 'bars': [], 'updatedBars': [], 'dailyBars': []}
2026-06-11 11:21:33,557 WARNING paper_scalper.data.alpaca_crypto_feed: feed disconnected (sent 1011 (internal error) keepalive ping timeout; no close frame received); reconnecting in 1s
2026-06-11 11:21:34,698 INFO paper_scalper.data.alpaca_crypto_feed: subscribed to ['BTC/USD'] on stream.data.alpaca.markets
2026-06-11 11:21:34,698 INFO paper_scalper.data.alpaca_crypto_feed: alpaca: {'T': 'success', 'msg': 'connected'}
2026-06-11 11:21:34,736 INFO paper_scalper.data.alpaca_crypto_feed: alpaca: {'T': 'success', 'msg': 'authenticated'}
2026-06-11 11:21:34,737 INFO paper_scalper.data.alpaca_crypto_feed: alpaca: {'T': 'subscription', 'trades': ['BTC/USD'], 'quotes': ['BTC/USD'], 'orderbooks': [], 'bars': [], 'updatedBars': [], 'dailyBars': []}
2026-06-11 11:24:53,873 WARNING paper_scalper.data.alpaca_crypto_feed: feed disconnected (sent 1011 (internal error) keepalive ping timeout; no close frame received); reconnecting in 1s
2026-06-11 11:24:55,045 INFO paper_scalper.data.alpaca_crypto_feed: subscribed to ['BTC/USD'] on stream.data.alpaca.markets
2026-06-11 11:24:55,045 INFO paper_scalper.data.alpaca_crypto_feed: alpaca: {'T': 'success', 'msg': 'connected'}
2026-06-11 11:24:55,099 INFO paper_scalper.data.alpaca_crypto_feed: alpaca: {'T': 'success', 'msg': 'authenticated'}
2026-06-11 11:24:55,099 INFO paper_scalper.data.alpaca_crypto_feed: alpaca: {'T': 'subscription', 'trades': ['BTC/USD'], 'quotes': ['BTC/USD'], 'orderbooks': [], 'bars': [], 'updatedBars': [], 'dailyBars': []}
2026-06-11 11:27:38,060 WARNING paper_scalper.data.alpaca_crypto_feed: feed disconnected (sent 1011 (internal error) keepalive ping timeout; no close frame received); reconnecting in 1s
2026-06-11 11:28:52,271 INFO paper_scalper.data.alpaca_crypto_feed: subscribed to ['BTC/USD'] on stream.data.alpaca.markets
2026-06-11 11:28:52,272 INFO paper_scalper.data.alpaca_crypto_feed: alpaca: {'T': 'success', 'msg': 'connected'}
2026-06-11 11:28:52,314 INFO paper_scalper.data.alpaca_crypto_feed: alpaca: {'T': 'success', 'msg': 'authenticated'}
2026-06-11 11:28:52,314 INFO paper_scalper.data.alpaca_crypto_feed: alpaca: {'T': 'subscription', 'trades': ['BTC/USD'], 'quotes': ['BTC/USD'], 'orderbooks': [], 'bars': [], 'updatedBars': [], 'dailyBars': []}
2026-06-11 11:31:35,322 WARNING paper_scalper.data.alpaca_crypto_feed: feed disconnected (sent 1011 (internal error) keepalive ping timeout; no close frame received); reconnecting in 1s
2026-06-11 11:31:36,472 INFO paper_scalper.data.alpaca_crypto_feed: subscribed to ['BTC/USD'] on stream.data.alpaca.markets
2026-06-11 11:31:36,473 INFO paper_scalper.data.alpaca_crypto_feed: alpaca: {'T': 'success', 'msg': 'connected'}
2026-06-11 11:31:36,516 INFO paper_scalper.data.alpaca_crypto_feed: alpaca: {'T': 'success', 'msg': 'authenticated'}
2026-06-11 11:31:36,516 INFO paper_scalper.data.alpaca_crypto_feed: alpaca: {'T': 'subscription', 'trades': ['BTC/USD'], 'quotes': ['BTC/USD'], 'orderbooks': [], 'bars': [], 'updatedBars': [], 'dailyBars': []}
2026-06-11 11:34:52,349 WARNING paper_scalper.data.alpaca_crypto_feed: feed disconnected (sent 1011 (internal error) keepalive ping timeout; no close frame received); reconnecting in 1s
2026-06-11 11:34:53,754 INFO paper_scalper.data.alpaca_crypto_feed: subscribed to ['BTC/USD'] on stream.data.alpaca.markets
2026-06-11 11:34:53,754 INFO paper_scalper.data.alpaca_crypto_feed: alpaca: {'T': 'success', 'msg': 'connected'}
2026-06-11 11:34:53,861 INFO paper_scalper.data.alpaca_crypto_feed: alpaca: {'T': 'success', 'msg': 'authenticated'}
2026-06-11 11:34:53,861 INFO paper_scalper.data.alpaca_crypto_feed: alpaca: {'T': 'subscription', 'trades': ['BTC/USD'], 'quotes': ['BTC/USD'], 'orderbooks': [], 'bars': [], 'updatedBars': [], 'dailyBars': []}
2026-06-11 11:41:22,902 WARNING paper_scalper.data.alpaca_crypto_feed: feed disconnected (sent 1011 (internal error) keepalive ping timeout; no close frame received); reconnecting in 1s
2026-06-11 11:41:24,059 INFO paper_scalper.data.alpaca_crypto_feed: subscribed to ['BTC/USD'] on stream.data.alpaca.markets
2026-06-11 11:41:24,059 INFO paper_scalper.data.alpaca_crypto_feed: alpaca: {'T': 'success', 'msg': 'connected'}
2026-06-11 11:41:24,104 INFO paper_scalper.data.alpaca_crypto_feed: alpaca: {'T': 'success', 'msg': 'authenticated'}
2026-06-11 11:41:24,104 INFO paper_scalper.data.alpaca_crypto_feed: alpaca: {'T': 'subscription', 'trades': ['BTC/USD'], 'quotes': ['BTC/USD'], 'orderbooks': [], 'bars': [], 'updatedBars': [], 'dailyBars': []}
2026-06-11 11:43:27,133 WARNING paper_scalper.data.alpaca_crypto_feed: feed disconnected (sent 1011 (internal error) keepalive ping timeout; no close frame received); reconnecting in 1s
2026-06-11 11:43:28,282 INFO paper_scalper.data.alpaca_crypto_feed: subscribed to ['BTC/USD'] on stream.data.alpaca.markets
2026-06-11 11:43:28,282 INFO paper_scalper.data.alpaca_crypto_feed: alpaca: {'T': 'success', 'msg': 'connected'}
2026-06-11 11:43:28,330 INFO paper_scalper.data.alpaca_crypto_feed: alpaca: {'T': 'success', 'msg': 'authenticated'}
2026-06-11 11:43:28,331 INFO paper_scalper.data.alpaca_crypto_feed: alpaca: {'T': 'subscription', 'trades': ['BTC/USD'], 'quotes': ['BTC/USD'], 'orderbooks': [], 'bars': [], 'updatedBars': [], 'dailyBars': []}
2026-06-11 11:45:31,278 WARNING paper_scalper.data.alpaca_crypto_feed: feed disconnected (sent 1011 (internal error) keepalive ping timeout; no close frame received); reconnecting in 1s
2026-06-11 11:45:32,423 INFO paper_scalper.data.alpaca_crypto_feed: subscribed to ['BTC/USD'] on stream.data.alpaca.markets
2026-06-11 11:45:32,424 INFO paper_scalper.data.alpaca_crypto_feed: alpaca: {'T': 'success', 'msg': 'connected'}
2026-06-11 11:45:32,462 INFO paper_scalper.data.alpaca_crypto_feed: alpaca: {'T': 'success', 'msg': 'authenticated'}
2026-06-11 11:45:32,462 INFO paper_scalper.data.alpaca_crypto_feed: alpaca: {'T': 'subscription', 'trades': ['BTC/USD'], 'quotes': ['BTC/USD'], 'orderbooks': [], 'bars': [], 'updatedBars': [], 'dailyBars': []}
2026-06-11 11:47:35,506 WARNING paper_scalper.data.alpaca_crypto_feed: feed disconnected (sent 1011 (internal error) keepalive ping timeout; no close frame received); reconnecting in 1s
2026-06-11 11:47:36,669 INFO paper_scalper.data.alpaca_crypto_feed: subscribed to ['BTC/USD'] on stream.data.alpaca.markets
2026-06-11 11:47:36,669 INFO paper_scalper.data.alpaca_crypto_feed: alpaca: {'T': 'success', 'msg': 'connected'}
2026-06-11 11:47:36,710 INFO paper_scalper.data.alpaca_crypto_feed: alpaca: {'T': 'success', 'msg': 'authenticated'}
2026-06-11 11:47:36,710 INFO paper_scalper.data.alpaca_crypto_feed: alpaca: {'T': 'subscription', 'trades': ['BTC/USD'], 'quotes': ['BTC/USD'], 'orderbooks': [], 'bars': [], 'updatedBars': [], 'dailyBars': []}
2026-06-11 11:51:32,765 WARNING paper_scalper.data.alpaca_crypto_feed: feed disconnected (sent 1011 (internal error) keepalive ping timeout; no close frame received); reconnecting in 1s
2026-06-11 11:51:33,913 INFO paper_scalper.data.alpaca_crypto_feed: subscribed to ['BTC/USD'] on stream.data.alpaca.markets
2026-06-11 11:51:33,914 INFO paper_scalper.data.alpaca_crypto_feed: alpaca: {'T': 'success', 'msg': 'connected'}
2026-06-11 11:51:33,956 INFO paper_scalper.data.alpaca_crypto_feed: alpaca: {'T': 'success', 'msg': 'authenticated'}
2026-06-11 11:51:33,956 INFO paper_scalper.data.alpaca_crypto_feed: alpaca: {'T': 'subscription', 'trades': ['BTC/USD'], 'quotes': ['BTC/USD'], 'orderbooks': [], 'bars': [], 'updatedBars': [], 'dailyBars': []}
2026-06-11 11:53:37,009 WARNING paper_scalper.data.alpaca_crypto_feed: feed disconnected (sent 1011 (internal error) keepalive ping timeout; no close frame received); reconnecting in 1s
2026-06-11 11:53:38,210 INFO paper_scalper.data.alpaca_crypto_feed: subscribed to ['BTC/USD'] on stream.data.alpaca.markets
2026-06-11 11:53:38,211 INFO paper_scalper.data.alpaca_crypto_feed: alpaca: {'T': 'success', 'msg': 'connected'}
2026-06-11 11:56:54,323 WARNING paper_scalper.data.alpaca_crypto_feed: feed disconnected (sent 1011 (internal error) keepalive ping timeout; no close frame received); reconnecting in 1s
2026-06-11 11:56:55,488 INFO paper_scalper.data.alpaca_crypto_feed: subscribed to ['BTC/USD'] on stream.data.alpaca.markets
2026-06-11 11:56:55,488 INFO paper_scalper.data.alpaca_crypto_feed: alpaca: {'T': 'success', 'msg': 'connected'}
2026-06-11 11:56:55,529 INFO paper_scalper.data.alpaca_crypto_feed: alpaca: {'T': 'success', 'msg': 'authenticated'}
2026-06-11 11:56:55,529 INFO paper_scalper.data.alpaca_crypto_feed: alpaca: {'T': 'subscription', 'trades': ['BTC/USD'], 'quotes': ['BTC/USD'], 'orderbooks': [], 'bars': [], 'updatedBars': [], 'dailyBars': []}
2026-06-11 12:00:51,571 WARNING paper_scalper.data.alpaca_crypto_feed: feed disconnected (sent 1011 (internal error) keepalive ping timeout; no close frame received); reconnecting in 1s
2026-06-11 12:00:52,717 INFO paper_scalper.data.alpaca_crypto_feed: subscribed to ['BTC/USD'] on stream.data.alpaca.markets
2026-06-11 12:00:52,718 INFO paper_scalper.data.alpaca_crypto_feed: alpaca: {'T': 'success', 'msg': 'connected'}
2026-06-11 12:00:52,757 INFO paper_scalper.data.alpaca_crypto_feed: alpaca: {'T': 'success', 'msg': 'authenticated'}
2026-06-11 12:00:52,758 INFO paper_scalper.data.alpaca_crypto_feed: alpaca: {'T': 'subscription', 'trades': ['BTC/USD'], 'quotes': ['BTC/USD'], 'orderbooks': [], 'bars': [], 'updatedBars': [], 'dailyBars': []}
2026-06-11 12:03:35,751 WARNING paper_scalper.data.alpaca_crypto_feed: feed disconnected (sent 1011 (internal error) keepalive ping timeout; no close frame received); reconnecting in 1s
2026-06-11 12:03:36,964 INFO paper_scalper.data.alpaca_crypto_feed: subscribed to ['BTC/USD'] on stream.data.alpaca.markets
2026-06-11 12:03:36,964 INFO paper_scalper.data.alpaca_crypto_feed: alpaca: {'T': 'success', 'msg': 'connected'}
2026-06-11 12:03:37,009 INFO paper_scalper.data.alpaca_crypto_feed: alpaca: {'T': 'success', 'msg': 'authenticated'}
2026-06-11 12:03:37,009 INFO paper_scalper.data.alpaca_crypto_feed: alpaca: {'T': 'subscription', 'trades': ['BTC/USD'], 'quotes': ['BTC/USD'], 'orderbooks': [], 'bars': [], 'updatedBars': [], 'dailyBars': []}
2026-06-11 12:05:35,797 WARNING paper_scalper.data.alpaca_crypto_feed: feed disconnected (sent 1011 (internal error) keepalive ping timeout; no close frame received); reconnecting in 1s
2026-06-11 12:05:36,939 INFO paper_scalper.data.alpaca_crypto_feed: subscribed to ['BTC/USD'] on stream.data.alpaca.markets
2026-06-11 12:05:36,940 INFO paper_scalper.data.alpaca_crypto_feed: alpaca: {'T': 'success', 'msg': 'connected'}
2026-06-11 12:05:36,981 INFO paper_scalper.data.alpaca_crypto_feed: alpaca: {'T': 'success', 'msg': 'authenticated'}
2026-06-11 12:05:36,981 INFO paper_scalper.data.alpaca_crypto_feed: alpaca: {'T': 'subscription', 'trades': ['BTC/USD'], 'quotes': ['BTC/USD'], 'orderbooks': [], 'bars': [], 'updatedBars': [], 'dailyBars': []}
2026-06-11 12:05:37,002 INFO paper_scalper: [meanrev] OPEN long qty=0.079887 @ 62436.23 sl=62280.13 tp=62623.53 | long fade: rsi 29.3, px 62352.15 vs vwap 62830.77 (-6.15 atr), atr 0.125%
2026-06-11 12:08:53,011 WARNING paper_scalper.data.alpaca_crypto_feed: feed disconnected (sent 1011 (internal error) keepalive ping timeout; no close frame received); reconnecting in 1s
2026-06-11 12:08:54,175 INFO paper_scalper.data.alpaca_crypto_feed: subscribed to ['BTC/USD'] on stream.data.alpaca.markets
2026-06-11 12:08:54,176 INFO paper_scalper.data.alpaca_crypto_feed: alpaca: {'T': 'success', 'msg': 'connected'}
2026-06-11 12:08:54,214 INFO paper_scalper.data.alpaca_crypto_feed: alpaca: {'T': 'success', 'msg': 'authenticated'}
2026-06-11 12:08:54,214 INFO paper_scalper.data.alpaca_crypto_feed: alpaca: {'T': 'subscription', 'trades': ['BTC/USD'], 'quotes': ['BTC/USD'], 'orderbooks': [], 'bars': [], 'updatedBars': [], 'dailyBars': []}
2026-06-11 12:11:37,272 WARNING paper_scalper.data.alpaca_crypto_feed: feed disconnected (sent 1011 (internal error) keepalive ping timeout; no close frame received); reconnecting in 1s
2026-06-11 12:12:52,192 INFO paper_scalper.data.alpaca_crypto_feed: subscribed to ['BTC/USD'] on stream.data.alpaca.markets
2026-06-11 12:12:52,192 INFO paper_scalper.data.alpaca_crypto_feed: alpaca: {'T': 'success', 'msg': 'connected'}
2026-06-11 12:12:52,231 INFO paper_scalper.data.alpaca_crypto_feed: alpaca: {'T': 'success', 'msg': 'authenticated'}
2026-06-11 12:12:52,231 INFO paper_scalper.data.alpaca_crypto_feed: alpaca: {'T': 'subscription', 'trades': ['BTC/USD'], 'quotes': ['BTC/USD'], 'orderbooks': [], 'bars': [], 'updatedBars': [], 'dailyBars': []}
2026-06-11 12:12:52,508 INFO paper_scalper: [meanrev] CLOSE long @ 62318.76 (max_hold) net=-34.30 fees=24.92 equity=9927.89
2026-06-11 12:15:35,210 WARNING paper_scalper.data.alpaca_crypto_feed: feed disconnected (sent 1011 (internal error) keepalive ping timeout; no close frame received); reconnecting in 1s
2026-06-11 12:15:36,375 INFO paper_scalper.data.alpaca_crypto_feed: subscribed to ['BTC/USD'] on stream.data.alpaca.markets
2026-06-11 12:15:36,375 INFO paper_scalper.data.alpaca_crypto_feed: alpaca: {'T': 'success', 'msg': 'connected'}
2026-06-11 12:15:36,420 INFO paper_scalper.data.alpaca_crypto_feed: alpaca: {'T': 'success', 'msg': 'authenticated'}
2026-06-11 12:15:36,423 INFO paper_scalper.data.alpaca_crypto_feed: alpaca: {'T': 'subscription', 'trades': ['BTC/USD'], 'quotes': ['BTC/USD'], 'orderbooks': [], 'bars': [], 'updatedBars': [], 'dailyBars': []}
2026-06-11 12:18:52,403 WARNING paper_scalper.data.alpaca_crypto_feed: feed disconnected (sent 1011 (internal error) keepalive ping timeout; no close frame received); reconnecting in 1s
2026-06-11 12:18:53,546 INFO paper_scalper.data.alpaca_crypto_feed: subscribed to ['BTC/USD'] on stream.data.alpaca.markets
2026-06-11 12:18:53,546 INFO paper_scalper.data.alpaca_crypto_feed: alpaca: {'T': 'success', 'msg': 'connected'}
2026-06-11 12:18:53,585 INFO paper_scalper.data.alpaca_crypto_feed: alpaca: {'T': 'success', 'msg': 'authenticated'}
2026-06-11 12:18:53,585 INFO paper_scalper.data.alpaca_crypto_feed: alpaca: {'T': 'subscription', 'trades': ['BTC/USD'], 'quotes': ['BTC/USD'], 'orderbooks': [], 'bars': [], 'updatedBars': [], 'dailyBars': []}
2026-06-11 12:19:00,426 INFO paper_scalper: [meanrev] OPEN long qty=0.079655 @ 62373.31 sl=62217.37 tp=62560.43 | long fade: rsi 30.5, px 62317.75 vs vwap 62830.72 (-7.32 atr), atr 0.112%
2026-06-11 12:21:36,606 WARNING paper_scalper.data.alpaca_crypto_feed: feed disconnected (sent 1011 (internal error) keepalive ping timeout; no close frame received); reconnecting in 1s
2026-06-11 12:21:37,853 INFO paper_scalper.data.alpaca_crypto_feed: subscribed to ['BTC/USD'] on stream.data.alpaca.markets
2026-06-11 12:21:37,853 INFO paper_scalper.data.alpaca_crypto_feed: alpaca: {'T': 'success', 'msg': 'connected'}
2026-06-11 12:21:37,895 INFO paper_scalper.data.alpaca_crypto_feed: alpaca: {'T': 'success', 'msg': 'authenticated'}
2026-06-11 12:21:37,895 INFO paper_scalper.data.alpaca_crypto_feed: alpaca: {'T': 'subscription', 'trades': ['BTC/USD'], 'quotes': ['BTC/USD'], 'orderbooks': [], 'bars': [], 'updatedBars': [], 'dailyBars': []}
2026-06-11 12:24:37,513 WARNING paper_scalper.data.alpaca_crypto_feed: feed disconnected (sent 1011 (internal error) keepalive ping timeout; no close frame received); reconnecting in 1s
2026-06-11 12:24:38,659 INFO paper_scalper.data.alpaca_crypto_feed: subscribed to ['BTC/USD'] on stream.data.alpaca.markets
2026-06-11 12:24:38,660 INFO paper_scalper.data.alpaca_crypto_feed: alpaca: {'T': 'success', 'msg': 'connected'}
2026-06-11 12:24:38,698 INFO paper_scalper.data.alpaca_crypto_feed: alpaca: {'T': 'success', 'msg': 'authenticated'}
2026-06-11 12:24:38,699 INFO paper_scalper.data.alpaca_crypto_feed: alpaca: {'T': 'subscription', 'trades': ['BTC/USD'], 'quotes': ['BTC/USD'], 'orderbooks': [], 'bars': [], 'updatedBars': [], 'dailyBars': []}
2026-06-11 12:24:38,803 INFO paper_scalper: [meanrev] CLOSE long @ 62233.41 (max_hold) net=-35.96 fees=24.81 equity=9891.93
2026-06-11 12:24:38,806 INFO paper_scalper: [meanrev] OPEN long qty=0.079387 @ 62346.26 sl=62190.39 tp=62533.30 | long fade: rsi 31.0, px 62302.05 vs vwap 62830.25 (-7.52 atr), atr 0.113%
2026-06-11 12:27:33,964 WARNING paper_scalper.data.alpaca_crypto_feed: feed disconnected (sent 1011 (internal error) keepalive ping timeout; no close frame received); reconnecting in 1s
2026-06-11 12:27:35,117 INFO paper_scalper.data.alpaca_crypto_feed: subscribed to ['BTC/USD'] on stream.data.alpaca.markets
2026-06-11 12:27:35,118 INFO paper_scalper.data.alpaca_crypto_feed: alpaca: {'T': 'success', 'msg': 'connected'}
2026-06-11 12:27:35,158 INFO paper_scalper.data.alpaca_crypto_feed: alpaca: {'T': 'success', 'msg': 'authenticated'}
2026-06-11 12:27:35,158 INFO paper_scalper.data.alpaca_crypto_feed: alpaca: {'T': 'subscription', 'trades': ['BTC/USD'], 'quotes': ['BTC/USD'], 'orderbooks': [], 'bars': [], 'updatedBars': [], 'dailyBars': []}
2026-06-11 12:29:38,480 WARNING paper_scalper.data.alpaca_crypto_feed: feed disconnected (sent 1011 (internal error) keepalive ping timeout; no close frame received); reconnecting in 1s
2026-06-11 12:30:52,534 INFO paper_scalper.data.alpaca_crypto_feed: subscribed to ['BTC/USD'] on stream.data.alpaca.markets
2026-06-11 12:30:52,534 INFO paper_scalper.data.alpaca_crypto_feed: alpaca: {'T': 'success', 'msg': 'connected'}
2026-06-11 12:30:52,573 INFO paper_scalper.data.alpaca_crypto_feed: alpaca: {'T': 'success', 'msg': 'authenticated'}
2026-06-11 12:30:52,573 INFO paper_scalper.data.alpaca_crypto_feed: alpaca: {'T': 'subscription', 'trades': ['BTC/USD'], 'quotes': ['BTC/USD'], 'orderbooks': [], 'bars': [], 'updatedBars': [], 'dailyBars': []}
2026-06-11 12:30:52,604 INFO paper_scalper: [meanrev] CLOSE long @ 62979.75 (take_profit) net=25.42 fees=24.87 equity=9917.35
2026-06-11 12:31:00,405 INFO paper_scalper: [meanrev] OPEN short qty=0.078724 @ 62906.45 sl=63077.62 tp=62717.73 | short fade: rsi 74.9, px 62987.97 vs vwap 62830.25 (+1.38 atr), atr 0.181%
2026-06-11 12:31:19,503 INFO paper_scalper: [meanrev] CLOSE short @ 63096.90 (stop_loss) net=-39.79 fees=24.80 equity=9877.56
2026-06-11 12:33:35,945 WARNING paper_scalper.data.alpaca_crypto_feed: feed disconnected (sent 1011 (internal error) keepalive ping timeout; no close frame received); reconnecting in 1s
2026-06-11 12:33:37,342 INFO paper_scalper.data.alpaca_crypto_feed: subscribed to ['BTC/USD'] on stream.data.alpaca.markets
2026-06-11 12:33:37,342 INFO paper_scalper.data.alpaca_crypto_feed: alpaca: {'T': 'success', 'msg': 'connected'}
2026-06-11 12:33:37,433 INFO paper_scalper.data.alpaca_crypto_feed: alpaca: {'T': 'success', 'msg': 'authenticated'}
2026-06-11 12:33:37,433 INFO paper_scalper.data.alpaca_crypto_feed: alpaca: {'T': 'subscription', 'trades': ['BTC/USD'], 'quotes': ['BTC/USD'], 'orderbooks': [], 'bars': [], 'updatedBars': [], 'dailyBars': []}
2026-06-11 12:33:37,530 INFO paper_scalper: [meanrev] OPEN short qty=0.078344 @ 63256.08 sl=63433.18 tp=63066.31 | short fade: rsi 76.1, px 63040.03 vs vwap 62830.25 (+1.78 atr), atr 0.187%
2026-06-11 12:36:53,477 WARNING paper_scalper.data.alpaca_crypto_feed: feed disconnected (sent 1011 (internal error) keepalive ping timeout; no close frame received); reconnecting in 1s
2026-06-11 12:36:54,608 INFO paper_scalper.data.alpaca_crypto_feed: subscribed to ['BTC/USD'] on stream.data.alpaca.markets
2026-06-11 12:36:54,608 INFO paper_scalper.data.alpaca_crypto_feed: alpaca: {'T': 'success', 'msg': 'connected'}
2026-06-11 12:36:54,652 INFO paper_scalper.data.alpaca_crypto_feed: alpaca: {'T': 'success', 'msg': 'authenticated'}
2026-06-11 12:36:54,652 INFO paper_scalper.data.alpaca_crypto_feed: alpaca: {'T': 'subscription', 'trades': ['BTC/USD'], 'quotes': ['BTC/USD'], 'orderbooks': [], 'bars': [], 'updatedBars': [], 'dailyBars': []}
2026-06-11 12:39:37,340 WARNING paper_scalper.data.alpaca_crypto_feed: feed disconnected (sent 1011 (internal error) keepalive ping timeout; no close frame received); reconnecting in 1s
2026-06-11 12:41:01,746 WARNING paper_scalper.data.alpaca_crypto_feed: feed disconnected (timed out during opening handshake); reconnecting in 2s
2026-06-11 12:41:03,891 INFO paper_scalper.data.alpaca_crypto_feed: subscribed to ['BTC/USD'] on stream.data.alpaca.markets
2026-06-11 12:41:03,892 INFO paper_scalper.data.alpaca_crypto_feed: alpaca: {'T': 'success', 'msg': 'connected'}
2026-06-11 12:41:03,931 INFO paper_scalper.data.alpaca_crypto_feed: alpaca: {'T': 'success', 'msg': 'authenticated'}
2026-06-11 12:41:03,932 INFO paper_scalper.data.alpaca_crypto_feed: alpaca: {'T': 'subscription', 'trades': ['BTC/USD'], 'quotes': ['BTC/USD'], 'orderbooks': [], 'bars': [], 'updatedBars': [], 'dailyBars': []}
2026-06-11 12:41:04,006 INFO paper_scalper: [meanrev] CLOSE short @ 63299.27 (breakeven_stop) net=-28.17 fees=24.79 equity=9849.39
2026-06-11 12:43:26,644 WARNING paper_scalper.data.alpaca_crypto_feed: feed disconnected (sent 1011 (internal error) keepalive ping timeout; no close frame received); reconnecting in 1s
2026-06-11 12:43:27,798 INFO paper_scalper.data.alpaca_crypto_feed: subscribed to ['BTC/USD'] on stream.data.alpaca.markets
2026-06-11 12:43:27,798 INFO paper_scalper.data.alpaca_crypto_feed: alpaca: {'T': 'success', 'msg': 'connected'}
2026-06-11 12:43:27,838 INFO paper_scalper.data.alpaca_crypto_feed: alpaca: {'T': 'success', 'msg': 'authenticated'}
2026-06-11 12:43:27,838 INFO paper_scalper.data.alpaca_crypto_feed: alpaca: {'T': 'subscription', 'trades': ['BTC/USD'], 'quotes': ['BTC/USD'], 'orderbooks': [], 'bars': [], 'updatedBars': [], 'dailyBars': []}
2026-06-11 12:43:28,449 INFO paper_scalper: [meanrev] OPEN short qty=0.077833 @ 63211.25 sl=63430.92 tp=63021.62 | short fade: rsi 71.5, px 63272.41 vs vwap 62830.25 (+3.02 atr), atr 0.232%
2026-06-11 12:45:31,150 WARNING paper_scalper.data.alpaca_crypto_feed: feed disconnected (sent 1011 (internal error) keepalive ping timeout; no close frame received); reconnecting in 1s
2026-06-11 12:45:32,314 INFO paper_scalper.data.alpaca_crypto_feed: subscribed to ['BTC/USD'] on stream.data.alpaca.markets
2026-06-11 12:45:32,314 INFO paper_scalper.data.alpaca_crypto_feed: alpaca: {'T': 'success', 'msg': 'connected'}
2026-06-11 12:45:32,354 INFO paper_scalper.data.alpaca_crypto_feed: alpaca: {'T': 'success', 'msg': 'authenticated'}
2026-06-11 12:45:32,354 INFO paper_scalper.data.alpaca_crypto_feed: alpaca: {'T': 'subscription', 'trades': ['BTC/USD'], 'quotes': ['BTC/USD'], 'orderbooks': [], 'bars': [], 'updatedBars': [], 'dailyBars': []}
2026-06-11 12:47:35,044 WARNING paper_scalper.data.alpaca_crypto_feed: feed disconnected (sent 1011 (internal error) keepalive ping timeout; no close frame received); reconnecting in 1s
2026-06-11 12:47:36,191 INFO paper_scalper.data.alpaca_crypto_feed: subscribed to ['BTC/USD'] on stream.data.alpaca.markets
2026-06-11 12:47:36,191 INFO paper_scalper.data.alpaca_crypto_feed: alpaca: {'T': 'success', 'msg': 'connected'}
2026-06-11 12:47:36,232 INFO paper_scalper.data.alpaca_crypto_feed: alpaca: {'T': 'success', 'msg': 'authenticated'}
2026-06-11 12:47:36,233 INFO paper_scalper.data.alpaca_crypto_feed: alpaca: {'T': 'subscription', 'trades': ['BTC/USD'], 'quotes': ['BTC/USD'], 'orderbooks': [], 'bars': [], 'updatedBars': [], 'dailyBars': []}
2026-06-11 12:47:36,403 INFO paper_scalper: [meanrev] CLOSE short @ 63453.03 (stop_loss) net=-43.47 fees=24.65 equity=9805.93
2026-06-11 12:47:36,406 INFO paper_scalper: [meanrev] OPEN short qty=0.077507 @ 63326.82 sl=63527.08 tp=63136.84 | short fade: rsi 70.6, px 63258.39 vs vwap 62830.25 (+3.21 atr), atr 0.211%
2026-06-11 12:50:52,287 WARNING paper_scalper.data.alpaca_crypto_feed: feed disconnected (sent 1011 (internal error) keepalive ping timeout; no close frame received); reconnecting in 1s
2026-06-11 12:50:53,443 INFO paper_scalper.data.alpaca_crypto_feed: subscribed to ['BTC/USD'] on stream.data.alpaca.markets
2026-06-11 12:50:53,444 INFO paper_scalper.data.alpaca_crypto_feed: alpaca: {'T': 'success', 'msg': 'connected'}
2026-06-11 12:50:53,482 INFO paper_scalper.data.alpaca_crypto_feed: alpaca: {'T': 'success', 'msg': 'authenticated'}
2026-06-11 12:50:53,482 INFO paper_scalper.data.alpaca_crypto_feed: alpaca: {'T': 'subscription', 'trades': ['BTC/USD'], 'quotes': ['BTC/USD'], 'orderbooks': [], 'bars': [], 'updatedBars': [], 'dailyBars': []}
2026-06-11 12:53:36,824 WARNING paper_scalper.data.alpaca_crypto_feed: feed disconnected (sent 1011 (internal error) keepalive ping timeout; no close frame received); reconnecting in 1s
2026-06-11 12:53:37,986 INFO paper_scalper.data.alpaca_crypto_feed: subscribed to ['BTC/USD'] on stream.data.alpaca.markets
2026-06-11 12:53:37,986 INFO paper_scalper.data.alpaca_crypto_feed: alpaca: {'T': 'success', 'msg': 'connected'}
2026-06-11 12:53:38,032 INFO paper_scalper.data.alpaca_crypto_feed: alpaca: {'T': 'success', 'msg': 'authenticated'}
2026-06-11 12:53:38,032 INFO paper_scalper.data.alpaca_crypto_feed: alpaca: {'T': 'subscription', 'trades': ['BTC/USD'], 'quotes': ['BTC/USD'], 'orderbooks': [], 'bars': [], 'updatedBars': [], 'dailyBars': []}
2026-06-11 12:56:53,994 WARNING paper_scalper.data.alpaca_crypto_feed: feed disconnected (sent 1011 (internal error) keepalive ping timeout; no close frame received); reconnecting in 1s
2026-06-11 12:56:55,150 INFO paper_scalper.data.alpaca_crypto_feed: subscribed to ['BTC/USD'] on stream.data.alpaca.markets
2026-06-11 12:56:55,150 INFO paper_scalper.data.alpaca_crypto_feed: alpaca: {'T': 'success', 'msg': 'connected'}
2026-06-11 12:56:55,194 INFO paper_scalper.data.alpaca_crypto_feed: alpaca: {'T': 'success', 'msg': 'authenticated'}
2026-06-11 12:56:55,194 INFO paper_scalper.data.alpaca_crypto_feed: alpaca: {'T': 'subscription', 'trades': ['BTC/USD'], 'quotes': ['BTC/USD'], 'orderbooks': [], 'bars': [], 'updatedBars': [], 'dailyBars': []}
2026-06-11 12:56:55,201 INFO paper_scalper: [meanrev] CLOSE short @ 63379.71 (max_hold) net=-28.65 fees=24.55 equity=9777.27
2026-06-11 12:56:55,204 INFO paper_scalper: [momo] OPEN long qty=0.078799 @ 63379.71 sl=63252.95 tp=63607.32 | long breakout: close 63452.58 vs 12-bar high 63429.11, vol 0.000 vs avg 0.000, atr 0.200%
2026-06-11 12:56:55,205 INFO paper_scalper: [meanrev] OPEN short qty=0.077044 @ 63258.68 sl=63447.99 tp=63068.90 | short fade: rsi 74.9, px 63452.58 vs vwap 62831.35 (+4.91 atr), atr 0.200%
2026-06-11 12:59:37,887 WARNING paper_scalper.data.alpaca_crypto_feed: feed disconnected (sent 1011 (internal error) keepalive ping timeout; no close frame received); reconnecting in 1s
2026-06-11 13:00:52,814 INFO paper_scalper.data.alpaca_crypto_feed: subscribed to ['BTC/USD'] on stream.data.alpaca.markets
2026-06-11 13:00:52,814 INFO paper_scalper.data.alpaca_crypto_feed: alpaca: {'T': 'success', 'msg': 'connected'}
2026-06-11 13:00:52,856 INFO paper_scalper.data.alpaca_crypto_feed: alpaca: {'T': 'success', 'msg': 'authenticated'}
2026-06-11 13:00:52,856 INFO paper_scalper.data.alpaca_crypto_feed: alpaca: {'T': 'subscription', 'trades': ['BTC/USD'], 'quotes': ['BTC/USD'], 'orderbooks': [], 'bars': [], 'updatedBars': [], 'dailyBars': []}
2026-06-11 13:00:54,203 INFO paper_scalper: [meanrev] CLOSE short @ 63610.68 (stop_loss) net=-51.56 fees=24.44 equity=9725.72
2026-06-11 13:00:54,203 WARNING paper_scalper: [meanrev] RISK HALT: 5 consecutive losses
2026-06-11 13:00:54,206 INFO paper_scalper: [meanrev] signal blocked by risk: 5 consecutive losses
2026-06-11 13:01:01,072 INFO paper_scalper: [meanrev] signal blocked by risk: 5 consecutive losses
2026-06-11 13:01:22,981 INFO paper_scalper: [momo] CLOSE long @ 63599.71 (take_profit) net=-7.68 fees=25.01 equity=9992.32
2026-06-11 13:03:35,497 WARNING paper_scalper.data.alpaca_crypto_feed: feed disconnected (sent 1011 (internal error) keepalive ping timeout; no close frame received); reconnecting in 1s
2026-06-11 13:03:36,817 INFO paper_scalper.data.alpaca_crypto_feed: subscribed to ['BTC/USD'] on stream.data.alpaca.markets
2026-06-11 13:03:36,818 INFO paper_scalper.data.alpaca_crypto_feed: alpaca: {'T': 'success', 'msg': 'connected'}
2026-06-11 13:03:36,908 INFO paper_scalper.data.alpaca_crypto_feed: alpaca: {'T': 'success', 'msg': 'authenticated'}
2026-06-11 13:03:36,908 INFO paper_scalper.data.alpaca_crypto_feed: alpaca: {'T': 'subscription', 'trades': ['BTC/USD'], 'quotes': ['BTC/USD'], 'orderbooks': [], 'bars': [], 'updatedBars': [], 'dailyBars': []}
2026-06-11 13:03:37,428 INFO paper_scalper: [meanrev] signal blocked by risk: 5 consecutive losses
2026-06-11 13:09:26,343 WARNING paper_scalper.data.alpaca_crypto_feed: feed disconnected (sent 1011 (internal error) keepalive ping timeout; no close frame received); reconnecting in 1s
2026-06-11 13:09:27,514 INFO paper_scalper.data.alpaca_crypto_feed: subscribed to ['BTC/USD'] on stream.data.alpaca.markets
2026-06-11 13:09:27,515 INFO paper_scalper.data.alpaca_crypto_feed: alpaca: {'T': 'success', 'msg': 'connected'}
2026-06-11 13:09:27,556 INFO paper_scalper.data.alpaca_crypto_feed: alpaca: {'T': 'success', 'msg': 'authenticated'}
2026-06-11 13:09:27,556 INFO paper_scalper.data.alpaca_crypto_feed: alpaca: {'T': 'subscription', 'trades': ['BTC/USD'], 'quotes': ['BTC/USD'], 'orderbooks': [], 'bars': [], 'updatedBars': [], 'dailyBars': []}
2026-06-11 13:11:30,225 WARNING paper_scalper.data.alpaca_crypto_feed: feed disconnected (sent 1011 (internal error) keepalive ping timeout; no close frame received); reconnecting in 1s
2026-06-11 13:11:31,370 INFO paper_scalper.data.alpaca_crypto_feed: subscribed to ['BTC/USD'] on stream.data.alpaca.markets
2026-06-11 13:11:31,371 INFO paper_scalper.data.alpaca_crypto_feed: alpaca: {'T': 'success', 'msg': 'connected'}
2026-06-11 13:11:31,412 INFO paper_scalper.data.alpaca_crypto_feed: alpaca: {'T': 'success', 'msg': 'authenticated'}
2026-06-11 13:11:31,412 INFO paper_scalper.data.alpaca_crypto_feed: alpaca: {'T': 'subscription', 'trades': ['BTC/USD'], 'quotes': ['BTC/USD'], 'orderbooks': [], 'bars': [], 'updatedBars': [], 'dailyBars': []}
2026-06-11 13:13:34,738 WARNING paper_scalper.data.alpaca_crypto_feed: feed disconnected (sent 1011 (internal error) keepalive ping timeout; no close frame received); reconnecting in 1s
2026-06-11 13:13:35,888 INFO paper_scalper.data.alpaca_crypto_feed: subscribed to ['BTC/USD'] on stream.data.alpaca.markets
2026-06-11 13:13:35,891 INFO paper_scalper.data.alpaca_crypto_feed: alpaca: {'T': 'success', 'msg': 'connected'}
2026-06-11 13:13:35,931 INFO paper_scalper.data.alpaca_crypto_feed: alpaca: {'T': 'success', 'msg': 'authenticated'}
2026-06-11 13:13:35,931 INFO paper_scalper.data.alpaca_crypto_feed: alpaca: {'T': 'subscription', 'trades': ['BTC/USD'], 'quotes': ['BTC/USD'], 'orderbooks': [], 'bars': [], 'updatedBars': [], 'dailyBars': []}
2026-06-11 13:15:38,595 WARNING paper_scalper.data.alpaca_crypto_feed: feed disconnected (sent 1011 (internal error) keepalive ping timeout; no close frame received); reconnecting in 1s
2026-06-11 13:16:53,077 INFO paper_scalper.data.alpaca_crypto_feed: subscribed to ['BTC/USD'] on stream.data.alpaca.markets
2026-06-11 13:16:53,077 INFO paper_scalper.data.alpaca_crypto_feed: alpaca: {'T': 'success', 'msg': 'connected'}
2026-06-11 13:16:53,117 INFO paper_scalper.data.alpaca_crypto_feed: alpaca: {'T': 'success', 'msg': 'authenticated'}
2026-06-11 13:16:53,117 INFO paper_scalper.data.alpaca_crypto_feed: alpaca: {'T': 'subscription', 'trades': ['BTC/USD'], 'quotes': ['BTC/USD'], 'orderbooks': [], 'bars': [], 'updatedBars': [], 'dailyBars': []}
2026-06-11 13:19:35,842 WARNING paper_scalper.data.alpaca_crypto_feed: feed disconnected (sent 1011 (internal error) keepalive ping timeout; no close frame received); reconnecting in 1s
2026-06-11 13:19:36,989 INFO paper_scalper.data.alpaca_crypto_feed: subscribed to ['BTC/USD'] on stream.data.alpaca.markets
2026-06-11 13:19:36,990 INFO paper_scalper.data.alpaca_crypto_feed: alpaca: {'T': 'success', 'msg': 'connected'}
2026-06-11 13:19:37,028 INFO paper_scalper.data.alpaca_crypto_feed: alpaca: {'T': 'success', 'msg': 'authenticated'}
2026-06-11 13:19:37,028 INFO paper_scalper.data.alpaca_crypto_feed: alpaca: {'T': 'subscription', 'trades': ['BTC/USD'], 'quotes': ['BTC/USD'], 'orderbooks': [], 'bars': [], 'updatedBars': [], 'dailyBars': []}
2026-06-11 13:22:53,058 WARNING paper_scalper.data.alpaca_crypto_feed: feed disconnected (sent 1011 (internal error) keepalive ping timeout; no close frame received); reconnecting in 1s
2026-06-11 13:22:54,212 INFO paper_scalper.data.alpaca_crypto_feed: subscribed to ['BTC/USD'] on stream.data.alpaca.markets
2026-06-11 13:22:54,213 INFO paper_scalper.data.alpaca_crypto_feed: alpaca: {'T': 'success', 'msg': 'connected'}
2026-06-11 13:22:54,255 INFO paper_scalper.data.alpaca_crypto_feed: alpaca: {'T': 'success', 'msg': 'authenticated'}
2026-06-11 13:22:54,255 INFO paper_scalper.data.alpaca_crypto_feed: alpaca: {'T': 'subscription', 'trades': ['BTC/USD'], 'quotes': ['BTC/USD'], 'orderbooks': [], 'bars': [], 'updatedBars': [], 'dailyBars': []}
2026-06-11 13:25:37,581 WARNING paper_scalper.data.alpaca_crypto_feed: feed disconnected (sent 1011 (internal error) keepalive ping timeout; no close frame received); reconnecting in 1s
2026-06-11 13:25:38,727 INFO paper_scalper.data.alpaca_crypto_feed: subscribed to ['BTC/USD'] on stream.data.alpaca.markets
2026-06-11 13:25:38,728 INFO paper_scalper.data.alpaca_crypto_feed: alpaca: {'T': 'success', 'msg': 'connected'}
2026-06-11 13:25:38,768 INFO paper_scalper.data.alpaca_crypto_feed: alpaca: {'T': 'success', 'msg': 'authenticated'}
2026-06-11 13:25:38,768 INFO paper_scalper.data.alpaca_crypto_feed: alpaca: {'T': 'subscription', 'trades': ['BTC/USD'], 'quotes': ['BTC/USD'], 'orderbooks': [], 'bars': [], 'updatedBars': [], 'dailyBars': []}
2026-06-11 13:28:54,790 WARNING paper_scalper.data.alpaca_crypto_feed: feed disconnected (sent 1011 (internal error) keepalive ping timeout; no close frame received); reconnecting in 1s
2026-06-11 13:28:55,973 INFO paper_scalper.data.alpaca_crypto_feed: subscribed to ['BTC/USD'] on stream.data.alpaca.markets
2026-06-11 13:28:55,973 INFO paper_scalper.data.alpaca_crypto_feed: alpaca: {'T': 'success', 'msg': 'connected'}
2026-06-11 13:28:56,012 INFO paper_scalper.data.alpaca_crypto_feed: alpaca: {'T': 'success', 'msg': 'authenticated'}
2026-06-11 13:28:56,013 INFO paper_scalper.data.alpaca_crypto_feed: alpaca: {'T': 'subscription', 'trades': ['BTC/USD'], 'quotes': ['BTC/USD'], 'orderbooks': [], 'bars': [], 'updatedBars': [], 'dailyBars': []}
2026-06-11 13:31:38,656 WARNING paper_scalper.data.alpaca_crypto_feed: feed disconnected (sent 1011 (internal error) keepalive ping timeout; no close frame received); reconnecting in 1s
2026-06-11 13:32:53,147 INFO paper_scalper.data.alpaca_crypto_feed: subscribed to ['BTC/USD'] on stream.data.alpaca.markets
2026-06-11 13:32:53,147 INFO paper_scalper.data.alpaca_crypto_feed: alpaca: {'T': 'success', 'msg': 'connected'}
2026-06-11 13:32:53,191 INFO paper_scalper.data.alpaca_crypto_feed: alpaca: {'T': 'success', 'msg': 'authenticated'}
2026-06-11 13:32:53,191 INFO paper_scalper.data.alpaca_crypto_feed: alpaca: {'T': 'subscription', 'trades': ['BTC/USD'], 'quotes': ['BTC/USD'], 'orderbooks': [], 'bars': [], 'updatedBars': [], 'dailyBars': []}
2026-06-11 13:35:35,889 WARNING paper_scalper.data.alpaca_crypto_feed: feed disconnected (sent 1011 (internal error) keepalive ping timeout; no close frame received); reconnecting in 1s
2026-06-11 13:35:37,057 INFO paper_scalper.data.alpaca_crypto_feed: subscribed to ['BTC/USD'] on stream.data.alpaca.markets
2026-06-11 13:35:37,057 INFO paper_scalper.data.alpaca_crypto_feed: alpaca: {'T': 'success', 'msg': 'connected'}
2026-06-11 13:35:37,096 INFO paper_scalper.data.alpaca_crypto_feed: alpaca: {'T': 'success', 'msg': 'authenticated'}
2026-06-11 13:35:37,096 INFO paper_scalper.data.alpaca_crypto_feed: alpaca: {'T': 'subscription', 'trades': ['BTC/USD'], 'quotes': ['BTC/USD'], 'orderbooks': [], 'bars': [], 'updatedBars': [], 'dailyBars': []}
2026-06-11 13:38:53,140 WARNING paper_scalper.data.alpaca_crypto_feed: feed disconnected (sent 1011 (internal error) keepalive ping timeout; no close frame received); reconnecting in 1s
2026-06-11 13:38:54,302 INFO paper_scalper.data.alpaca_crypto_feed: subscribed to ['BTC/USD'] on stream.data.alpaca.markets
2026-06-11 13:38:54,302 INFO paper_scalper.data.alpaca_crypto_feed: alpaca: {'T': 'success', 'msg': 'connected'}
2026-06-11 13:38:54,347 INFO paper_scalper.data.alpaca_crypto_feed: alpaca: {'T': 'success', 'msg': 'authenticated'}
2026-06-11 13:38:54,347 INFO paper_scalper.data.alpaca_crypto_feed: alpaca: {'T': 'subscription', 'trades': ['BTC/USD'], 'quotes': ['BTC/USD'], 'orderbooks': [], 'bars': [], 'updatedBars': [], 'dailyBars': []}
2026-06-11 13:41:37,677 WARNING paper_scalper.data.alpaca_crypto_feed: feed disconnected (sent 1011 (internal error) keepalive ping timeout; no close frame received); reconnecting in 1s
2026-06-11 13:43:01,415 WARNING paper_scalper.data.alpaca_crypto_feed: feed disconnected (timed out during opening handshake); reconnecting in 2s
2026-06-11 13:43:03,559 INFO paper_scalper.data.alpaca_crypto_feed: subscribed to ['BTC/USD'] on stream.data.alpaca.markets
2026-06-11 13:43:03,559 INFO paper_scalper.data.alpaca_crypto_feed: alpaca: {'T': 'success', 'msg': 'connected'}
2026-06-11 13:43:03,599 INFO paper_scalper.data.alpaca_crypto_feed: alpaca: {'T': 'success', 'msg': 'authenticated'}
2026-06-11 13:43:03,599 INFO paper_scalper.data.alpaca_crypto_feed: alpaca: {'T': 'subscription', 'trades': ['BTC/USD'], 'quotes': ['BTC/USD'], 'orderbooks': [], 'bars': [], 'updatedBars': [], 'dailyBars': []}
2026-06-11 13:45:26,878 WARNING paper_scalper.data.alpaca_crypto_feed: feed disconnected (sent 1011 (internal error) keepalive ping timeout; no close frame received); reconnecting in 1s
2026-06-11 13:45:28,046 INFO paper_scalper.data.alpaca_crypto_feed: subscribed to ['BTC/USD'] on stream.data.alpaca.markets
2026-06-11 13:45:28,047 INFO paper_scalper.data.alpaca_crypto_feed: alpaca: {'T': 'success', 'msg': 'connected'}
2026-06-11 13:45:28,087 INFO paper_scalper.data.alpaca_crypto_feed: alpaca: {'T': 'success', 'msg': 'authenticated'}
2026-06-11 13:45:28,087 INFO paper_scalper.data.alpaca_crypto_feed: alpaca: {'T': 'subscription', 'trades': ['BTC/USD'], 'quotes': ['BTC/USD'], 'orderbooks': [], 'bars': [], 'updatedBars': [], 'dailyBars': []}
2026-06-11 13:47:30,807 WARNING paper_scalper.data.alpaca_crypto_feed: feed disconnected (sent 1011 (internal error) keepalive ping timeout; no close frame received); reconnecting in 1s
2026-06-11 13:47:31,951 INFO paper_scalper.data.alpaca_crypto_feed: subscribed to ['BTC/USD'] on stream.data.alpaca.markets
2026-06-11 13:47:31,952 INFO paper_scalper.data.alpaca_crypto_feed: alpaca: {'T': 'success', 'msg': 'connected'}
2026-06-11 13:47:31,991 INFO paper_scalper.data.alpaca_crypto_feed: alpaca: {'T': 'success', 'msg': 'authenticated'}
2026-06-11 13:47:31,991 INFO paper_scalper.data.alpaca_crypto_feed: alpaca: {'T': 'subscription', 'trades': ['BTC/USD'], 'quotes': ['BTC/USD'], 'orderbooks': [], 'bars': [], 'updatedBars': [], 'dailyBars': []}
2026-06-11 13:49:35,301 WARNING paper_scalper.data.alpaca_crypto_feed: feed disconnected (sent 1011 (internal error) keepalive ping timeout; no close frame received); reconnecting in 1s
2026-06-11 13:49:36,450 INFO paper_scalper.data.alpaca_crypto_feed: subscribed to ['BTC/USD'] on stream.data.alpaca.markets
2026-06-11 13:49:36,451 INFO paper_scalper.data.alpaca_crypto_feed: alpaca: {'T': 'success', 'msg': 'connected'}
2026-06-11 13:49:36,494 INFO paper_scalper.data.alpaca_crypto_feed: alpaca: {'T': 'success', 'msg': 'authenticated'}
2026-06-11 13:49:36,494 INFO paper_scalper.data.alpaca_crypto_feed: alpaca: {'T': 'subscription', 'trades': ['BTC/USD'], 'quotes': ['BTC/USD'], 'orderbooks': [], 'bars': [], 'updatedBars': [], 'dailyBars': []}
2026-06-11 13:52:52,569 WARNING paper_scalper.data.alpaca_crypto_feed: feed disconnected (sent 1011 (internal error) keepalive ping timeout; no close frame received); reconnecting in 1s
2026-06-11 13:52:53,726 INFO paper_scalper.data.alpaca_crypto_feed: subscribed to ['BTC/USD'] on stream.data.alpaca.markets
2026-06-11 13:52:53,727 INFO paper_scalper.data.alpaca_crypto_feed: alpaca: {'T': 'success', 'msg': 'connected'}
2026-06-11 13:52:53,766 INFO paper_scalper.data.alpaca_crypto_feed: alpaca: {'T': 'success', 'msg': 'authenticated'}
2026-06-11 13:52:53,766 INFO paper_scalper.data.alpaca_crypto_feed: alpaca: {'T': 'subscription', 'trades': ['BTC/USD'], 'quotes': ['BTC/USD'], 'orderbooks': [], 'bars': [], 'updatedBars': [], 'dailyBars': []}
2026-06-11 13:59:22,558 WARNING paper_scalper.data.alpaca_crypto_feed: feed disconnected (sent 1011 (internal error) keepalive ping timeout; no close frame received); reconnecting in 1s
2026-06-11 13:59:23,721 INFO paper_scalper.data.alpaca_crypto_feed: subscribed to ['BTC/USD'] on stream.data.alpaca.markets
2026-06-11 13:59:23,721 INFO paper_scalper.data.alpaca_crypto_feed: alpaca: {'T': 'success', 'msg': 'connected'}
2026-06-11 13:59:23,761 INFO paper_scalper.data.alpaca_crypto_feed: alpaca: {'T': 'success', 'msg': 'authenticated'}
2026-06-11 13:59:23,762 INFO paper_scalper.data.alpaca_crypto_feed: alpaca: {'T': 'subscription', 'trades': ['BTC/USD'], 'quotes': ['BTC/USD'], 'orderbooks': [], 'bars': [], 'updatedBars': [], 'dailyBars': []}
2026-06-11 14:01:27,119 WARNING paper_scalper.data.alpaca_crypto_feed: feed disconnected (sent 1011 (internal error) keepalive ping timeout; no close frame received); reconnecting in 1s
2026-06-11 14:01:28,258 INFO paper_scalper.data.alpaca_crypto_feed: subscribed to ['BTC/USD'] on stream.data.alpaca.markets
2026-06-11 14:01:28,258 INFO paper_scalper.data.alpaca_crypto_feed: alpaca: {'T': 'success', 'msg': 'connected'}
2026-06-11 14:01:28,303 INFO paper_scalper.data.alpaca_crypto_feed: alpaca: {'T': 'success', 'msg': 'authenticated'}
2026-06-11 14:01:28,303 INFO paper_scalper.data.alpaca_crypto_feed: alpaca: {'T': 'subscription', 'trades': ['BTC/USD'], 'quotes': ['BTC/USD'], 'orderbooks': [], 'bars': [], 'updatedBars': [], 'dailyBars': []}
2026-06-11 14:03:30,939 WARNING paper_scalper.data.alpaca_crypto_feed: feed disconnected (sent 1011 (internal error) keepalive ping timeout; no close frame received); reconnecting in 1s
2026-06-11 14:03:32,088 INFO paper_scalper.data.alpaca_crypto_feed: subscribed to ['BTC/USD'] on stream.data.alpaca.markets
2026-06-11 14:03:32,088 INFO paper_scalper.data.alpaca_crypto_feed: alpaca: {'T': 'success', 'msg': 'connected'}
2026-06-11 14:03:32,131 INFO paper_scalper.data.alpaca_crypto_feed: alpaca: {'T': 'success', 'msg': 'authenticated'}
2026-06-11 14:03:32,132 INFO paper_scalper.data.alpaca_crypto_feed: alpaca: {'T': 'subscription', 'trades': ['BTC/USD'], 'quotes': ['BTC/USD'], 'orderbooks': [], 'bars': [], 'updatedBars': [], 'dailyBars': []}
2026-06-11 14:05:35,423 WARNING paper_scalper.data.alpaca_crypto_feed: feed disconnected (sent 1011 (internal error) keepalive ping timeout; no close frame received); reconnecting in 1s
2026-06-11 14:05:36,586 INFO paper_scalper.data.alpaca_crypto_feed: subscribed to ['BTC/USD'] on stream.data.alpaca.markets
2026-06-11 14:05:36,587 INFO paper_scalper.data.alpaca_crypto_feed: alpaca: {'T': 'success', 'msg': 'connected'}
2026-06-11 14:05:36,625 INFO paper_scalper.data.alpaca_crypto_feed: alpaca: {'T': 'success', 'msg': 'authenticated'}
2026-06-11 14:05:36,625 INFO paper_scalper.data.alpaca_crypto_feed: alpaca: {'T': 'subscription', 'trades': ['BTC/USD'], 'quotes': ['BTC/USD'], 'orderbooks': [], 'bars': [], 'updatedBars': [], 'dailyBars': []}
2026-06-11 14:08:52,662 WARNING paper_scalper.data.alpaca_crypto_feed: feed disconnected (sent 1011 (internal error) keepalive ping timeout; no close frame received); reconnecting in 1s
2026-06-11 14:08:53,807 INFO paper_scalper.data.alpaca_crypto_feed: subscribed to ['BTC/USD'] on stream.data.alpaca.markets
2026-06-11 14:08:53,808 INFO paper_scalper.data.alpaca_crypto_feed: alpaca: {'T': 'success', 'msg': 'connected'}
2026-06-11 14:08:53,849 INFO paper_scalper.data.alpaca_crypto_feed: alpaca: {'T': 'success', 'msg': 'authenticated'}
2026-06-11 14:08:53,849 INFO paper_scalper.data.alpaca_crypto_feed: alpaca: {'T': 'subscription', 'trades': ['BTC/USD'], 'quotes': ['BTC/USD'], 'orderbooks': [], 'bars': [], 'updatedBars': [], 'dailyBars': []}
Traceback (most recent call last):
  File "<frozen runpy>", line 198, in _run_module_as_main
  File "<frozen runpy>", line 88, in _run_code
  File "/Users/srikanth/Documents/Projects/paper-scalper/paper_scalper/main.py", line 211, in <module>
    main()
    ~~~~^^
  File "/Users/srikanth/Documents/Projects/paper-scalper/paper_scalper/main.py", line 205, in main
    asyncio.run(run(args.feed, cfg))
    ~~~~~~~~~~~^^^^^^^^^^^^^^^^^^^^^
  File "/opt/homebrew/Cellar/python@3.14/3.14.4/Frameworks/Python.framework/Versions/3.14/lib/python3.14/asyncio/runners.py", line 204, in run
    return runner.run(main)
           ~~~~~~~~~~^^^^^^
  File "/opt/homebrew/Cellar/python@3.14/3.14.4/Frameworks/Python.framework/Versions/3.14/lib/python3.14/asyncio/runners.py", line 127, in run
    return self._loop.run_until_complete(task)
           ~~~~~~~~~~~~~~~~~~~~~~~~~~~~~^^^^^^
  File "/opt/homebrew/Cellar/python@3.14/3.14.4/Frameworks/Python.framework/Versions/3.14/lib/python3.14/asyncio/base_events.py", line 719, in run_until_complete
    return future.result()
           ~~~~~~~~~~~~~^^
  File "/Users/srikanth/Documents/Projects/paper-scalper/paper_scalper/main.py", line 188, in run
    engine.on_event(event)
    ~~~~~~~~~~~~~~~^^^^^^^
  File "/Users/srikanth/Documents/Projects/paper-scalper/paper_scalper/main.py", line 78, in on_event
    self._on_candle_closed(completed)
    ~~~~~~~~~~~~~~~~~~~~~~^^^^^^^^^^^
  File "/Users/srikanth/Documents/Projects/paper-scalper/paper_scalper/main.py", line 86, in _on_candle_closed
    signal = lane.strategy.on_candle(candle, self.last_quote)
  File "/Users/srikanth/Documents/Projects/paper-scalper/paper_scalper/engine/strategy.py", line 84, in on_candle
    assert vwap and ema_f and ema_s and rsi is not None and atr and vol_avg
           ^^^^^^^^^^^^^^^^^^^^^^^^^^^^^^^^^^^^^^^^^^^^^^^^^^^^^^^^^^^^^^^^
AssertionError
2026-06-11 18:30:34,476 INFO paper_scalper: paper trading BTC/USD | lanes=['pullback', 'momo', 'meanrev'] candle=60s fee=25bps slip=3bps equity=10000.00/lane
2026-06-11 18:30:34,644 INFO paper_scalper.data.alpaca_crypto_feed: subscribed to ['BTC/USD'] on stream.data.alpaca.markets
2026-06-11 18:30:34,644 INFO paper_scalper.data.alpaca_crypto_feed: alpaca: {'T': 'success', 'msg': 'connected'}
2026-06-11 18:30:34,686 INFO paper_scalper.data.alpaca_crypto_feed: alpaca: {'T': 'success', 'msg': 'authenticated'}
2026-06-11 18:30:34,686 INFO paper_scalper.data.alpaca_crypto_feed: alpaca: {'T': 'subscription', 'trades': ['BTC/USD'], 'quotes': ['BTC/USD'], 'orderbooks': [], 'bars': [], 'updatedBars': [], 'dailyBars': []}
